Archive member included to satisfy reference by file (symbol)

d:/stm32environment/arm/bin/../lib/gcc/arm-none-eabi/10.3.1/thumb/v7-m/nofp\libgcc.a(_arm_mulsf3.o)
                              CMakeFiles/mpu6050_try1.elf.dir/Core/mpu6050/mpu6050.c.obj (__aeabi_fmul)
d:/stm32environment/arm/bin/../lib/gcc/arm-none-eabi/10.3.1/thumb/v7-m/nofp\libgcc.a(_arm_addsubdf3.o)
                              CMakeFiles/mpu6050_try1.elf.dir/Core/Src/main.c.obj (__aeabi_f2d)
d:/stm32environment/arm/bin/../lib/gcc/arm-none-eabi/10.3.1/thumb/v7-m/nofp\libgcc.a(_arm_addsubsf3.o)
                              CMakeFiles/mpu6050_try1.elf.dir/Core/mpu6050/mpu6050.c.obj (__aeabi_fadd)
d:/stm32environment/arm/bin/../lib/gcc/arm-none-eabi/10.3.1/thumb/v7-m/nofp\libgcc.a(_arm_muldivsf3.o)
                              CMakeFiles/mpu6050_try1.elf.dir/Core/mpu6050/mpu6050.c.obj (__aeabi_fdiv)
d:/stm32environment/arm/bin/../lib/gcc/arm-none-eabi/10.3.1/../../../../arm-none-eabi/lib/thumb/v7-m/nofp\libg.a(lib_a-errno.o)
                              CMakeFiles/mpu6050_try1.elf.dir/Core/Src/syscalls.c.obj (__errno)
d:/stm32environment/arm/bin/../lib/gcc/arm-none-eabi/10.3.1/../../../../arm-none-eabi/lib/thumb/v7-m/nofp\libg.a(lib_a-exit.o)
                              d:/stm32environment/arm/bin/../lib/gcc/arm-none-eabi/10.3.1/../../../../arm-none-eabi/lib/thumb/v7-m/nofp/crt0.o (exit)
d:/stm32environment/arm/bin/../lib/gcc/arm-none-eabi/10.3.1/../../../../arm-none-eabi/lib/thumb/v7-m/nofp\libg.a(lib_a-impure.o)
                              d:/stm32environment/arm/bin/../lib/gcc/arm-none-eabi/10.3.1/../../../../arm-none-eabi/lib/thumb/v7-m/nofp\libg.a(lib_a-exit.o) (_global_impure_ptr)
d:/stm32environment/arm/bin/../lib/gcc/arm-none-eabi/10.3.1/../../../../arm-none-eabi/lib/thumb/v7-m/nofp\libg.a(lib_a-init.o)
                              d:/stm32environment/arm/bin/../lib/gcc/arm-none-eabi/10.3.1/../../../../arm-none-eabi/lib/thumb/v7-m/nofp/crt0.o (__libc_init_array)
d:/stm32environment/arm/bin/../lib/gcc/arm-none-eabi/10.3.1/../../../../arm-none-eabi/lib/thumb/v7-m/nofp\libg.a(lib_a-memset.o)
                              d:/stm32environment/arm/bin/../lib/gcc/arm-none-eabi/10.3.1/../../../../arm-none-eabi/lib/thumb/v7-m/nofp/crt0.o (memset)
d:/stm32environment/arm/bin/../lib/gcc/arm-none-eabi/10.3.1/../../../../arm-none-eabi/lib/thumb/v7-m/nofp\libg.a(lib_a-printf.o)
                              CMakeFiles/mpu6050_try1.elf.dir/Core/Src/main.c.obj (printf)
d:/stm32environment/arm/bin/../lib/gcc/arm-none-eabi/10.3.1/../../../../arm-none-eabi/lib/thumb/v7-m/nofp\libg.a(lib_a-putchar.o)
                              CMakeFiles/mpu6050_try1.elf.dir/Core/Src/main.c.obj (putchar)
d:/stm32environment/arm/bin/../lib/gcc/arm-none-eabi/10.3.1/../../../../arm-none-eabi/lib/thumb/v7-m/nofp\libg.a(lib_a-vfprintf.o)
                              d:/stm32environment/arm/bin/../lib/gcc/arm-none-eabi/10.3.1/../../../../arm-none-eabi/lib/thumb/v7-m/nofp\libg.a(lib_a-printf.o) (_vfprintf_r)
d:/stm32environment/arm/bin/../lib/gcc/arm-none-eabi/10.3.1/../../../../arm-none-eabi/lib/thumb/v7-m/nofp\libg.a(lib_a-wsetup.o)
                              d:/stm32environment/arm/bin/../lib/gcc/arm-none-eabi/10.3.1/../../../../arm-none-eabi/lib/thumb/v7-m/nofp\libg.a(lib_a-vfprintf.o) (__swsetup_r)
d:/stm32environment/arm/bin/../lib/gcc/arm-none-eabi/10.3.1/../../../../arm-none-eabi/lib/thumb/v7-m/nofp\libg.a(lib_a-__call_atexit.o)
                              d:/stm32environment/arm/bin/../lib/gcc/arm-none-eabi/10.3.1/../../../../arm-none-eabi/lib/thumb/v7-m/nofp\libg.a(lib_a-exit.o) (__call_exitprocs)
d:/stm32environment/arm/bin/../lib/gcc/arm-none-eabi/10.3.1/../../../../arm-none-eabi/lib/thumb/v7-m/nofp\libg.a(lib_a-atexit.o)
                              d:/stm32environment/arm/bin/../lib/gcc/arm-none-eabi/10.3.1/../../../../arm-none-eabi/lib/thumb/v7-m/nofp\libg.a(lib_a-__call_atexit.o) (atexit)
d:/stm32environment/arm/bin/../lib/gcc/arm-none-eabi/10.3.1/../../../../arm-none-eabi/lib/thumb/v7-m/nofp\libg.a(lib_a-dtoa.o)
                              d:/stm32environment/arm/bin/../lib/gcc/arm-none-eabi/10.3.1/../../../../arm-none-eabi/lib/thumb/v7-m/nofp\libg.a(lib_a-vfprintf.o) (_dtoa_r)
d:/stm32environment/arm/bin/../lib/gcc/arm-none-eabi/10.3.1/../../../../arm-none-eabi/lib/thumb/v7-m/nofp\libg.a(lib_a-fflush.o)
                              d:/stm32environment/arm/bin/../lib/gcc/arm-none-eabi/10.3.1/../../../../arm-none-eabi/lib/thumb/v7-m/nofp\libg.a(lib_a-vfprintf.o) (_fflush_r)
d:/stm32environment/arm/bin/../lib/gcc/arm-none-eabi/10.3.1/../../../../arm-none-eabi/lib/thumb/v7-m/nofp\libg.a(lib_a-findfp.o)
                              d:/stm32environment/arm/bin/../lib/gcc/arm-none-eabi/10.3.1/../../../../arm-none-eabi/lib/thumb/v7-m/nofp\libg.a(lib_a-vfprintf.o) (__sinit)
d:/stm32environment/arm/bin/../lib/gcc/arm-none-eabi/10.3.1/../../../../arm-none-eabi/lib/thumb/v7-m/nofp\libg.a(lib_a-fini.o)
[...]
Memory Configuration

Name             Origin             Length             Attributes
RAM              0x20000000         0x00005000         xrw
FLASH            0x08000000         0x00010000         xr
*default*        0x00000000         0xffffffff

Linker script and memory map

LOAD d:/stm32environment/arm/bin/../lib/gcc/arm-none-eabi/10.3.1/thumb/v7-m/nofp/crti.o
LOAD d:/stm32environment/arm/bin/../lib/gcc/arm-none-eabi/10.3.1/thumb/v7-m/nofp/crtbegin.o
LOAD d:/stm32environment/arm/bin/../lib/gcc/arm-none-eabi/10.3.1/../../../../arm-none-eabi/lib/thumb/v7-m/nofp/crt0.o
LOAD CMakeFiles/mpu6050_try1.elf.dir/Core/Src/gpio.c.obj
LOAD CMakeFiles/mpu6050_try1.elf.dir/Core/Src/i2c.c.obj
LOAD CMakeFiles/mpu6050_try1.elf.dir/Core/Src/main.c.obj
LOAD CMakeFiles/mpu6050_try1.elf.dir/Core/Src/stm32f1xx_hal_msp.c.obj
LOAD CMakeFiles/mpu6050_try1.elf.dir/Core/Src/stm32f1xx_it.c.obj
LOAD CMakeFiles/mpu6050_try1.elf.dir/Core/Src/syscalls.c.obj
LOAD CMakeFiles/mpu6050_try1.elf.dir/Core/Src/sysmem.c.obj
LOAD CMakeFiles/mpu6050_try1.elf.dir/Core/Src/system_stm32f1xx.c.obj
LOAD CMakeFiles/mpu6050_try1.elf.dir/Core/Src/usart.c.obj
LOAD CMakeFiles/mpu6050_try1.elf.dir/Core/Startup/startup_stm32f103c8tx.s.obj
LOAD CMakeFiles/mpu6050_try1.elf.dir/Core/mpu6050/mpu6050.c.obj
LOAD CMakeFiles/mpu6050_try1.elf.dir/Drivers/STM32F1xx_HAL_Driver/Src/stm32f1xx_hal.c.obj
LOAD CMakeFiles/mpu6050_try1.elf.dir/Drivers/STM32F1xx_HAL_Driver/Src/stm32f1xx_hal_cortex.c.obj
LOAD CMakeFiles/mpu6050_try1.elf.dir/Drivers/STM32F1xx_HAL_Driver/Src/stm32f1xx_hal_dma.c.obj
LOAD CMakeFiles/mpu6050_try1.elf.dir/Drivers/STM32F1xx_HAL_Driver/Src/stm32f1xx_hal_exti.c.obj
LOAD CMakeFiles/mpu6050_try1.elf.dir/Drivers/STM32F1xx_HAL_Driver/Src/stm32f1xx_hal_flash.c.obj
LOAD CMakeFiles/mpu6050_try1.elf.dir/Drivers/STM32F1xx_HAL_Driver/Src/stm32f1xx_hal_flash_ex.c.obj
LOAD CMakeFiles/mpu6050_try1.elf.dir/Drivers/STM32F1xx_HAL_Driver/Src/stm32f1xx_hal_gpio.c.obj
LOAD CMakeFiles/mpu6050_try1.elf.dir/Drivers/STM32F1xx_HAL_Driver/Src/stm32f1xx_hal_gpio_ex.c.obj
LOAD CMakeFiles/mpu6050_try1.elf.dir/Drivers/STM32F1xx_HAL_Driver/Src/stm32f1xx_hal_i2c.c.obj
LOAD CMakeFiles/mpu6050_try1.elf.dir/Drivers/STM32F1xx_HAL_Driver/Src/stm32f1xx_hal_pwr.c.obj
LOAD CMakeFiles/mpu6050_try1.elf.dir/Drivers/STM32F1xx_HAL_Driver/Src/stm32f1xx_hal_rcc.c.obj
LOAD CMakeFiles/mpu6050_try1.elf.dir/Drivers/STM32F1xx_HAL_Driver/Src/stm32f1xx_hal_rcc_ex.c.obj
LOAD CMakeFiles/mpu6050_try1.elf.dir/Drivers/STM32F1xx_HAL_Driver/Src/stm32f1xx_hal_tim.c.obj
LOAD CMakeFiles/mpu6050_try1.elf.dir/Drivers/STM32F1xx_HAL_Driver/Src/stm32f1xx_hal_tim_ex.c.obj
LOAD CMakeFiles/mpu6050_try1.elf.dir/Drivers/STM32F1xx_HAL_Driver/Src/stm32f1xx_hal_uart.c.obj
START GROUP
LOAD d:/stm32environment/arm/bin/../lib/gcc/arm-none-eabi/10.3.1/thumb/v7-m/nofp\libgcc.a
LOAD d:/stm32environment/arm/bin/../lib/gcc/arm-none-eabi/10.3.1/../../../../arm-none-eabi/lib/thumb/v7-m/nofp\libg.a
LOAD d:/stm32environment/arm/bin/../lib/gcc/arm-none-eabi/10.3.1/../../../../arm-none-eabi/lib/thumb/v7-m/nofp\libc.a
END GROUP
LOAD d:/stm32environment/arm/bin/../lib/gcc/arm-none-eabi/10.3.1/thumb/v7-m/nofp/crtend.o
LOAD d:/stm32environment/arm/bin/../lib/gcc/arm-none-eabi/10.3.1/thumb/v7-m/nofp/crtn.o
                0x20005000                _estack = (ORIGIN (RAM) + LENGTH (RAM))
                0x00000200                _Min_Heap_Size = 0x200
                0x00000400                _Min_Stack_Size = 0x400

.isr_vector     0x08000000      0x10c
                0x08000000                . = ALIGN (0x4)
 *(.isr_vector)
 .isr_vector    0x08000000      0x10c CMakeFiles/mpu6050_try1.elf.dir/Core/Startup/startup_stm32f103c8tx.s.obj
                0x08000000                g_pfnVectors
                0x0800010c                . = ALIGN (0x4)

.text           0x08000110     0x92d0
                0x08000110                . = ALIGN (0x4)
 *(.text)
 .text          0x08000110       0x40 d:/stm32environment/arm/bin/../lib/gcc/arm-none-eabi/10.3.1/thumb/v7-m/nofp/crtbegin.o
 .text          0x08000150      0x378 d:/stm32environment/arm/bin/../lib/gcc/arm-none-eabi/10.3.1/thumb/v7-m/nofp\libgcc.a(_arm_addsubdf3.o)
                0x08000150                __aeabi_drsub
                0x08000158                __aeabi_dsub
                0x08000158                __subdf3
                0x0800015c                __aeabi_dadd
                0x0800015c                __adddf3
                0x080003d4                __floatunsidf
                0x080003d4                __aeabi_ui2d
                0x080003f4                __floatsidf
                0x080003f4                __aeabi_i2d
                0x08000418                __aeabi_f2d
                0x08000418                __extendsfdf2
                0x0800045c                __floatundidf
                0x0800045c                __aeabi_ul2d
                0x0800046c                __floatdidf
                0x0800046c                __aeabi_l2d
 .text          0x080004c8      0x21c d:/stm32environment/arm/bin/../lib/gcc/arm-none-eabi/10.3.1/thumb/v7-m/nofp\libgcc.a(_arm_addsubsf3.o)
                0x080004c8                __aeabi_frsub
                0x080004d0                __subsf3
                0x080004d0                __aeabi_fsub
                0x080004d4                __aeabi_fadd
                0x080004d4                __addsf3
                0x08000634                __aeabi_ui2f
                0x08000634                __floatunsisf
                0x0800063c                __aeabi_i2f
                0x0800063c                __floatsisf
                0x08000658                __aeabi_ul2f
                0x08000658                __floatundisf
                0x08000668                __aeabi_l2f
                0x08000668                __floatdisf
 .text          0x080006e4      0x2a0 d:/stm32environment/arm/bin/../lib/gcc/arm-none-eabi/10.3.1/thumb/v7-m/nofp\libgcc.a(_arm_muldivsf3.o)
                0x080006e4                __mulsf3
                0x080006e4                __aeabi_fmul
                0x0800084c                __aeabi_fdiv
                0x0800084c                __divsf3
 .text          0x08000984       0xec d:/stm32environment/arm/bin/../lib/gcc/arm-none-eabi/10.3.1/../../../../arm-none-eabi/lib/thumb/v7-m/nofp\libg.a(lib_a-memcpy.o)
                0x08000984                memcpy
 .text          0x08000a70      0x424 d:/stm32environment/arm/bin/../lib/gcc/arm-none-eabi/10.3.1/thumb/v7-m/nofp\libgcc.a(_arm_muldivdf3.o)
                0x08000a70                __aeabi_dmul
                0x08000a70                __muldf3
                0x08000cc4                __divdf3
                0x08000cc4                __aeabi_ddiv
 .text          0x08000e94      0x110 d:/stm32environment/arm/bin/../lib/gcc/arm-none-eabi/10.3.1/thumb/v7-m/nofp\libgcc.a(_arm_cmpdf2.o)
                0x08000e94                __gtdf2
                0x08000e94                __gedf2
                0x08000e9c                __ltdf2
                0x08000e9c                __ledf2
                0x08000ea4                __nedf2
                0x08000ea4                __eqdf2
                0x08000ea4                __cmpdf2
                0x08000f20                __aeabi_cdrcmple
                0x08000f30                __aeabi_cdcmpeq
                0x08000f30                __aeabi_cdcmple
                0x08000f40                __aeabi_dcmpeq
                0x08000f54                __aeabi_dcmplt
                0x08000f68                __aeabi_dcmple
                0x08000f7c                __aeabi_dcmpge
                0x08000f90                __aeabi_dcmpgt
 .text          0x08000fa4       0x2c d:/stm32environment/arm/bin/../lib/gcc/arm-none-eabi/10.3.1/thumb/v7-m/nofp\libgcc.a(_arm_unorddf2.o)
                0x08000fa4                __unorddf2
                0x08000fa4                __aeabi_dcmpun
 .text          0x08000fd0       0x50 d:/stm32environment/arm/bin/../lib/gcc/arm-none-eabi/10.3.1/thumb/v7-m/nofp\libgcc.a(_arm_fixdfsi.o)
                0x08000fd0                __aeabi_d2iz
                0x08000fd0                __fixdfsi
 .text          0x08001020       0x30 d:/stm32environment/arm/bin/../lib/gcc/arm-none-eabi/10.3.1/thumb/v7-m/nofp\libgcc.a(_aeabi_uldivmod.o)
                0x08001020                __aeabi_uldivmod
 .text          0x08001050      0x2d4 d:/stm32environment/arm/bin/../lib/gcc/arm-none-eabi/10.3.1/thumb/v7-m/nofp\libgcc.a(_udivmoddi4.o)
                0x08001050                __udivmoddi4
 .text          0x08001324        0x4 d:/stm32environment/arm/bin/../lib/gcc/arm-none-eabi/10.3.1/thumb/v7-m/nofp\libgcc.a(_dvmd_tls.o)
                0x08001324                __aeabi_idiv0
                0x08001324                __aeabi_ldiv0
 *(.text*)
 .text.MX_GPIO_Init
                0x08001328       0x44 CMakeFiles/mpu6050_try1.elf.dir/Core/Src/gpio.c.obj
                0x08001328                MX_GPIO_Init
 .text.MX_I2C1_Init
                0x0800136c       0x3c CMakeFiles/mpu6050_try1.elf.dir/Core/Src/i2c.c.obj
                0x0800136c                MX_I2C1_Init
 .text.HAL_I2C_MspInit
                0x080013a8       0x64 CMakeFiles/mpu6050_try1.elf.dir/Core/Src/i2c.c.obj
                0x080013a8                HAL_I2C_MspInit
 .text.__io_putchar
                0x0800140c       0x20 CMakeFiles/mpu6050_try1.elf.dir/Core/Src/main.c.obj
                0x0800140c                __io_putchar
 .text.Error_Handler
                0x0800142c        0x4 CMakeFiles/mpu6050_try1.elf.dir/Core/Src/main.c.obj
                0x0800142c                Error_Handler
 .text.SystemClock_Config
                0x08001430       0x64 CMakeFiles/mpu6050_try1.elf.dir/Core/Src/main.c.obj
                0x08001430                SystemClock_Config
 .text.main     0x08001494       0xd8 CMakeFiles/mpu6050_try1.elf.dir/Core/Src/main.c.obj
                0x08001494                main
 .text.HAL_MspInit
                0x0800156c       0x44 CMakeFiles/mpu6050_try1.elf.dir/Core/Src/stm32f1xx_hal_msp.c.obj
                0x0800156c                HAL_MspInit
 .text.NMI_Handler
                0x080015b0        0x2 CMakeFiles/mpu6050_try1.elf.dir/Core/Src/stm32f1xx_it.c.obj
                0x080015b0                NMI_Handler
 .text.HardFault_Handler
                0x080015b2        0x2 CMakeFiles/mpu6050_try1.elf.dir/Core/Src/stm32f1xx_it.c.obj
                0x080015b2                HardFault_Handler
 .text.MemManage_Handler
                0x080015b4        0x2 CMakeFiles/mpu6050_try1.elf.dir/Core/Src/stm32f1xx_it.c.obj
                0x080015b4                MemManage_Handler
 .text.BusFault_Handler
                0x080015b6        0x2 CMakeFiles/mpu6050_try1.elf.dir/Core/Src/stm32f1xx_it.c.obj
                0x080015b6                BusFault_Handler
 .text.UsageFault_Handler
                0x080015b8        0x2 CMakeFiles/mpu6050_try1.elf.dir/Core/Src/stm32f1xx_it.c.obj
                0x080015b8                UsageFault_Handler
 .text.SVC_Handler
                0x080015ba        0x2 CMakeFiles/mpu6050_try1.elf.dir/Core/Src/stm32f1xx_it.c.obj
                0x080015ba                SVC_Handler
 .text.DebugMon_Handler
                0x080015bc        0x2 CMakeFiles/mpu6050_try1.elf.dir/Core/Src/stm32f1xx_it.c.obj
                0x080015bc                DebugMon_Handler
 .text.PendSV_Handler
                0x080015be        0x2 CMakeFiles/mpu6050_try1.elf.dir/Core/Src/stm32f1xx_it.c.obj
                0x080015be                PendSV_Handler
 .text.SysTick_Handler
                0x080015c0        0x8 CMakeFiles/mpu6050_try1.elf.dir/Core/Src/stm32f1xx_it.c.obj
                0x080015c0                SysTick_Handler
 .text._getpid  0x080015c8        0x4 CMakeFiles/mpu6050_try1.elf.dir/Core/Src/syscalls.c.obj
                0x080015c8                _getpid
 .text._kill    0x080015cc       0x10 CMakeFiles/mpu6050_try1.elf.dir/Core/Src/syscalls.c.obj
                0x080015cc                _kill
 .text._exit    0x080015dc        0xc CMakeFiles/mpu6050_try1.elf.dir/Core/Src/syscalls.c.obj
                0x080015dc                _exit
 .text._read    0x080015e8       0x20 CMakeFiles/mpu6050_try1.elf.dir/Core/Src/syscalls.c.obj
                0x080015e8                _read
 .text._write   0x08001608       0x1c CMakeFiles/mpu6050_try1.elf.dir/Core/Src/syscalls.c.obj
                0x08001608                _write
 .text._close   0x08001624        0x6 CMakeFiles/mpu6050_try1.elf.dir/Core/Src/syscalls.c.obj
                0x08001624                _close
 .text._fstat   0x0800162a        0xa CMakeFiles/mpu6050_try1.elf.dir/Core/Src/syscalls.c.obj
                0x0800162a                _fstat
 .text._isatty  0x08001634        0x4 CMakeFiles/mpu6050_try1.elf.dir/Core/Src/syscalls.c.obj
                0x08001634                _isatty
 .text._lseek   0x08001638        0x4 CMakeFiles/mpu6050_try1.elf.dir/Core/Src/syscalls.c.obj
                0x08001638                _lseek
 .text._sbrk    0x0800163c       0x48 CMakeFiles/mpu6050_try1.elf.dir/Core/Src/sysmem.c.obj
                0x0800163c                _sbrk
 .text.SystemInit
                0x08001684        0x2 CMakeFiles/mpu6050_try1.elf.dir/Core/Src/system_stm32f1xx.c.obj
                0x08001684                SystemInit
 *fill*         0x08001686        0x2 
 .text.MX_USART1_UART_Init
                0x08001688       0x34 CMakeFiles/mpu6050_try1.elf.dir/Core/Src/usart.c.obj
                0x08001688                MX_USART1_UART_Init
 .text.HAL_UART_MspInit
                0x080016bc       0x78 CMakeFiles/mpu6050_try1.elf.dir/Core/Src/usart.c.obj
                0x080016bc                HAL_UART_MspInit
 .text.Reset_Handler
                0x08001734       0x48 CMakeFiles/mpu6050_try1.elf.dir/Core/Startup/startup_stm32f103c8tx.s.obj
                0x08001734                Reset_Handler
 .text.Default_Handler
                0x0800177c        0x2 CMakeFiles/mpu6050_try1.elf.dir/Core/Startup/startup_stm32f103c8tx.s.obj
                0x0800177c                RTC_Alarm_IRQHandler
                0x0800177c                EXTI2_IRQHandler
                0x0800177c                TIM1_CC_IRQHandler
                0x0800177c                PVD_IRQHandler
                0x0800177c                EXTI3_IRQHandler
                0x0800177c                EXTI0_IRQHandler
                0x0800177c                I2C2_EV_IRQHandler
                0x0800177c                ADC1_2_IRQHandler
                0x0800177c                SPI1_IRQHandler
                0x0800177c                TAMPER_IRQHandler
                0x0800177c                DMA1_Channel4_IRQHandler
                0x0800177c                USART3_IRQHandler
                0x0800177c                RTC_IRQHandler
                0x0800177c                DMA1_Channel7_IRQHandler
                0x0800177c                CAN1_RX1_IRQHandler
                0x0800177c                TIM4_IRQHandler
                0x0800177c                I2C1_EV_IRQHandler
                0x0800177c                DMA1_Channel6_IRQHandler
                0x0800177c                TIM3_IRQHandler
                0x0800177c                RCC_IRQHandler
                0x0800177c                TIM1_TRG_COM_IRQHandler
                0x0800177c                DMA1_Channel1_IRQHandler
                0x0800177c                Default_Handler
                0x0800177c                EXTI15_10_IRQHandler
                0x0800177c                EXTI9_5_IRQHandler
                0x0800177c                SPI2_IRQHandler
                0x0800177c                DMA1_Channel5_IRQHandler
                0x0800177c                EXTI4_IRQHandler
                0x0800177c                USB_LP_CAN1_RX0_IRQHandler
                0x0800177c                USB_HP_CAN1_TX_IRQHandler
                0x0800177c                DMA1_Channel3_IRQHandler
                0x0800177c                TIM1_UP_IRQHandler
                0x0800177c                WWDG_IRQHandler
                0x0800177c                TIM2_IRQHandler
                0x0800177c                TIM1_BRK_IRQHandler
                0x0800177c                EXTI1_IRQHandler
                0x0800177c                USART2_IRQHandler
                0x0800177c                I2C2_ER_IRQHandler
                0x0800177c                DMA1_Channel2_IRQHandler
                0x0800177c                CAN1_SCE_IRQHandler
                0x0800177c                FLASH_IRQHandler
                0x0800177c                USART1_IRQHandler
                0x0800177c                I2C1_ER_IRQHandler
                0x0800177c                USBWakeUp_IRQHandler
 *fill*         0x0800177e        0x2 
 .text.Sensor_I2C1_Read
                0x08001780       0x24 CMakeFiles/mpu6050_try1.elf.dir/Core/mpu6050/mpu6050.c.obj
                0x08001780                Sensor_I2C1_Read
 .text.Sensor_I2C1_Write
                0x080017a4       0x24 CMakeFiles/mpu6050_try1.elf.dir/Core/mpu6050/mpu6050.c.obj
                0x080017a4                Sensor_I2C1_Write
 .text.Sensor_I2C1_Search
                0x080017c8       0x34 CMakeFiles/mpu6050_try1.elf.dir/Core/mpu6050/mpu6050.c.obj
                0x080017c8                Sensor_I2C1_Search
 .text.MPU6050_Init
                0x080017fc       0x84 CMakeFiles/mpu6050_try1.elf.dir/Core/mpu6050/mpu6050.c.obj
                0x080017fc                MPU6050_Init
 .text.MPU6050_Read_Accel
                0x08001880       0x88 CMakeFiles/mpu6050_try1.elf.dir/Core/mpu6050/mpu6050.c.obj
                0x08001880                MPU6050_Read_Accel
 .text.MPU6050_Read_Gyro
                0x08001908       0x74 CMakeFiles/mpu6050_try1.elf.dir/Core/mpu6050/mpu6050.c.obj
                0x08001908                MPU6050_Read_Gyro
 .text.MPU6050_Read_Temp
                0x0800197c       0x4c CMakeFiles/mpu6050_try1.elf.dir/Core/mpu6050/mpu6050.c.obj
                0x0800197c                MPU6050_Read_Temp
 .text.HAL_InitTick
                0x080019c8       0x4c CMakeFiles/mpu6050_try1.elf.dir/Drivers/STM32F1xx_HAL_Driver/Src/stm32f1xx_hal.c.obj
                0x080019c8                HAL_InitTick
 .text.HAL_Init
                0x08001a14       0x24 CMakeFiles/mpu6050_try1.elf.dir/Drivers/STM32F1xx_HAL_Driver/Src/stm32f1xx_hal.c.obj
                0x08001a14                HAL_Init
 .text.HAL_IncTick
                0x08001a38       0x18 CMakeFiles/mpu6050_try1.elf.dir/Drivers/STM32F1xx_HAL_Driver/Src/stm32f1xx_hal.c.obj
                0x08001a38                HAL_IncTick
 .text.HAL_GetTick
                0x08001a50        0xc CMakeFiles/mpu6050_try1.elf.dir/Drivers/STM32F1xx_HAL_Driver/Src/stm32f1xx_hal.c.obj
                0x08001a50                HAL_GetTick
 .text.HAL_Delay
                0x08001a5c       0x28 CMakeFiles/mpu6050_try1.elf.dir/Drivers/STM32F1xx_HAL_Driver/Src/stm32f1xx_hal.c.obj
                0x08001a5c                HAL_Delay
 .text.HAL_NVIC_SetPriorityGrouping
                0x08001a84       0x24 CMakeFiles/mpu6050_try1.elf.dir/Drivers/STM32F1xx_HAL_Driver/Src/stm32f1xx_hal_cortex.c.obj
                0x08001a84                HAL_NVIC_SetPriorityGrouping
 .text.HAL_NVIC_SetPriority
                0x08001aa8       0x70 CMakeFiles/mpu6050_try1.elf.dir/Drivers/STM32F1xx_HAL_Driver/Src/stm32f1xx_hal_cortex.c.obj
                0x08001aa8                HAL_NVIC_SetPriority
 .text.HAL_SYSTICK_Config
                0x08001b18       0x28 CMakeFiles/mpu6050_try1.elf.dir/Drivers/STM32F1xx_HAL_Driver/Src/stm32f1xx_hal_cortex.c.obj
                0x08001b18                HAL_SYSTICK_Config
 .text.HAL_GPIO_Init
                0x08001b40      0x224 CMakeFiles/mpu6050_try1.elf.dir/Drivers/STM32F1xx_HAL_Driver/Src/stm32f1xx_hal_gpio.c.obj
                0x08001b40                HAL_GPIO_Init
 .text.I2C_IsAcknowledgeFailed
                0x08001d64       0x32 CMakeFiles/mpu6050_try1.elf.dir/Drivers/STM32F1xx_HAL_Driver/Src/stm32f1xx_hal_i2c.c.obj
 .text.I2C_WaitOnFlagUntilTimeout
                0x08001d96       0xaa CMakeFiles/mpu6050_try1.elf.dir/Drivers/STM32F1xx_HAL_Driver/Src/stm32f1xx_hal_i2c.c.obj
 .text.I2C_WaitOnMasterAddressFlagUntilTimeout
                0x08001e40       0xd6 CMakeFiles/mpu6050_try1.elf.dir/Drivers/STM32F1xx_HAL_Driver/Src/stm32f1xx_hal_i2c.c.obj
 .text.I2C_WaitOnTXEFlagUntilTimeout
                0x08001f16       0x5e CMakeFiles/mpu6050_try1.elf.dir/Drivers/STM32F1xx_HAL_Driver/Src/stm32f1xx_hal_i2c.c.obj
 .text.I2C_RequestMemoryWrite
                0x08001f74       0xd8 CMakeFiles/mpu6050_try1.elf.dir/Drivers/STM32F1xx_HAL_Driver/Src/stm32f1xx_hal_i2c.c.obj
 .text.I2C_RequestMemoryRead
                0x0800204c      0x154 CMakeFiles/mpu6050_try1.elf.dir/Drivers/STM32F1xx_HAL_Driver/Src/stm32f1xx_hal_i2c.c.obj
 .text.I2C_WaitOnBTFFlagUntilTimeout
                0x080021a0       0x5e CMakeFiles/mpu6050_try1.elf.dir/Drivers/STM32F1xx_HAL_Driver/Src/stm32f1xx_hal_i2c.c.obj
 .text.I2C_WaitOnRXNEFlagUntilTimeout
                0x080021fe       0x78 CMakeFiles/mpu6050_try1.elf.dir/Drivers/STM32F1xx_HAL_Driver/Src/stm32f1xx_hal_i2c.c.obj
 *fill*         0x08002276        0x2 
 .text.HAL_I2C_Init
                0x08002278      0x1bc CMakeFiles/mpu6050_try1.elf.dir/Drivers/STM32F1xx_HAL_Driver/Src/stm32f1xx_hal_i2c.c.obj
                0x08002278                HAL_I2C_Init
 .text.HAL_I2C_Mem_Write
                0x08002434      0x164 CMakeFiles/mpu6050_try1.elf.dir/Drivers/STM32F1xx_HAL_Driver/Src/stm32f1xx_hal_i2c.c.obj
                0x08002434                HAL_I2C_Mem_Write
 .text.HAL_I2C_Mem_Read
                0x08002598      0x348 CMakeFiles/mpu6050_try1.elf.dir/Drivers/STM32F1xx_HAL_Driver/Src/stm32f1xx_hal_i2c.c.obj
                0x08002598                HAL_I2C_Mem_Read
 .text.HAL_I2C_IsDeviceReady
                0x080028e0      0x194 CMakeFiles/mpu6050_try1.elf.dir/Drivers/STM32F1xx_HAL_Driver/Src/stm32f1xx_hal_i2c.c.obj
                0x080028e0                HAL_I2C_IsDeviceReady
 .text.RCC_Delay
                0x08002a74       0x2c CMakeFiles/mpu6050_try1.elf.dir/Drivers/STM32F1xx_HAL_Driver/Src/stm32f1xx_hal_rcc.c.obj
 .text.HAL_RCC_OscConfig
                0x08002aa0      0x410 CMakeFiles/mpu6050_try1.elf.dir/Drivers/STM32F1xx_HAL_Driver/Src/stm32f1xx_hal_rcc.c.obj
                0x08002aa0                HAL_RCC_OscConfig
 .text.HAL_RCC_GetSysClockFreq
                0x08002eb0       0x54 CMakeFiles/mpu6050_try1.elf.dir/Drivers/STM32F1xx_HAL_Driver/Src/stm32f1xx_hal_rcc.c.obj
                0x08002eb0                HAL_RCC_GetSysClockFreq
 .text.HAL_RCC_ClockConfig
                0x08002f04      0x16c CMakeFiles/mpu6050_try1.elf.dir/Drivers/STM32F1xx_HAL_Driver/Src/stm32f1xx_hal_rcc.c.obj
                0x08002f04                HAL_RCC_ClockConfig
 .text.HAL_RCC_GetHCLKFreq
                0x08003070        0xc CMakeFiles/mpu6050_try1.elf.dir/Drivers/STM32F1xx_HAL_Driver/Src/stm32f1xx_hal_rcc.c.obj
                0x08003070                HAL_RCC_GetHCLKFreq
 .text.HAL_RCC_GetPCLK1Freq
                0x0800307c       0x20 CMakeFiles/mpu6050_try1.elf.dir/Drivers/STM32F1xx_HAL_Driver/Src/stm32f1xx_hal_rcc.c.obj
                0x0800307c                HAL_RCC_GetPCLK1Freq
 .text.HAL_RCC_GetPCLK2Freq
                0x0800309c       0x20 CMakeFiles/mpu6050_try1.elf.dir/Drivers/STM32F1xx_HAL_Driver/Src/stm32f1xx_hal_rcc.c.obj
                0x0800309c                HAL_RCC_GetPCLK2Freq
 .text.UART_SetConfig
                0x080030bc       0x94 CMakeFiles/mpu6050_try1.elf.dir/Drivers/STM32F1xx_HAL_Driver/Src/stm32f1xx_hal_uart.c.obj
 .text.UART_WaitOnFlagUntilTimeout
                0x08003150       0x88 CMakeFiles/mpu6050_try1.elf.dir/Drivers/STM32F1xx_HAL_Driver/Src/stm32f1xx_hal_uart.c.obj
 .text.HAL_UART_Init
                0x080031d8       0x60 CMakeFiles/mpu6050_try1.elf.dir/Drivers/STM32F1xx_HAL_Driver/Src/stm32f1xx_hal_uart.c.obj
                0x080031d8                HAL_UART_Init
 .text.HAL_UART_Transmit
                0x08003238       0xbe CMakeFiles/mpu6050_try1.elf.dir/Drivers/STM32F1xx_HAL_Driver/Src/stm32f1xx_hal_uart.c.obj
                0x08003238                HAL_UART_Transmit
 *fill*         0x080032f6        0x2 
 .text.__errno  0x080032f8        0xc d:/stm32environment/arm/bin/../lib/gcc/arm-none-eabi/10.3.1/../../../../arm-none-eabi/lib/thumb/v7-m/nofp\libg.a(lib_a-errno.o)
                0x080032f8                __errno
 .text.__libc_init_array
                0x08003304       0x48 d:/stm32environment/arm/bin/../lib/gcc/arm-none-eabi/10.3.1/../../../../arm-none-eabi/lib/thumb/v7-m/nofp\libg.a(lib_a-init.o)
                0x08003304                __libc_init_array
 .text.memset   0x0800334c       0xa4 d:/stm32environment/arm/bin/../lib/gcc/arm-none-eabi/10.3.1/../../../../arm-none-eabi/lib/thumb/v7-m/nofp\libg.a(lib_a-memset.o)
                0x0800334c                memset
 .text.printf   0x080033f0       0x28 d:/stm32environment/arm/bin/../lib/gcc/arm-none-eabi/10.3.1/../../../../arm-none-eabi/lib/thumb/v7-m/nofp\libg.a(lib_a-printf.o)
                0x080033f0                printf
 .text.putchar  0x08003418       0x10 d:/stm32environment/arm/bin/../lib/gcc/arm-none-eabi/10.3.1/../../../../arm-none-eabi/lib/thumb/v7-m/nofp\libg.a(lib_a-putchar.o)
                0x08003418                putchar
 .text._vfprintf_r
                0x08003428     0x1b58 d:/stm32environment/arm/bin/../lib/gcc/arm-none-eabi/10.3.1/../../../../arm-none-eabi/lib/thumb/v7-m/nofp\libg.a(lib_a-vfprintf.o)
                0x08003428                _vfprintf_r
 .text.__sbprintf
                0x08004f80       0x84 d:/stm32environment/arm/bin/../lib/gcc/arm-none-eabi/10.3.1/../../../../arm-none-eabi/lib/thumb/v7-m/nofp\libg.a(lib_a-vfprintf.o)
 .text.__swsetup_r
                0x08005004       0xd4 d:/stm32environment/arm/bin/../lib/gcc/arm-none-eabi/10.3.1/../../../../arm-none-eabi/lib/thumb/v7-m/nofp\libg.a(lib_a-wsetup.o)
                0x08005004                __swsetup_r
 .text.startup.register_fini
                0x080050d8       0x14 d:/stm32environment/arm/bin/../lib/gcc/arm-none-eabi/10.3.1/../../../../arm-none-eabi/lib/thumb/v7-m/nofp\libg.a(lib_a-__call_atexit.o)
 .text.atexit   0x080050ec        0xc d:/stm32environment/arm/bin/../lib/gcc/arm-none-eabi/10.3.1/../../../../arm-none-eabi/lib/thumb/v7-m/nofp\libg.a(lib_a-atexit.o)
                0x080050ec                atexit
 .text.quorem   0x080050f8      0x12c d:/stm32environment/arm/bin/../lib/gcc/arm-none-eabi/10.3.1/../../../../arm-none-eabi/lib/thumb/v7-m/nofp\libg.a(lib_a-dtoa.o)
 *fill*         0x08005224        0x4 
 .text._dtoa_r  0x08005228      0xecc d:/stm32environment/arm/bin/../lib/gcc/arm-none-eabi/10.3.1/../../../../arm-none-eabi/lib/thumb/v7-m/nofp\libg.a(lib_a-dtoa.o)
                0x08005228                _dtoa_r
 .text.__sflush_r
                0x080060f4      0x124 d:/stm32environment/arm/bin/../lib/gcc/arm-none-eabi/10.3.1/../../../../arm-none-eabi/lib/thumb/v7-m/nofp\libg.a(lib_a-fflush.o)
                0x080060f4                __sflush_r
 .text._fflush_r
                0x08006218       0x5c d:/stm32environment/arm/bin/../lib/gcc/arm-none-eabi/10.3.1/../../../../arm-none-eabi/lib/thumb/v7-m/nofp\libg.a(lib_a-fflush.o)
                0x08006218                _fflush_r
 .text._cleanup_r
                0x08006274        0xc d:/stm32environment/arm/bin/../lib/gcc/arm-none-eabi/10.3.1/../../../../arm-none-eabi/lib/thumb/v7-m/nofp\libg.a(lib_a-findfp.o)
                0x08006274                _cleanup_r
 .text.__sinit  0x08006280      0x10c d:/stm32environment/arm/bin/../lib/gcc/arm-none-eabi/10.3.1/../../../../arm-none-eabi/lib/thumb/v7-m/nofp\libg.a(lib_a-findfp.o)
                0x08006280                __sinit
 .text.__sfp_lock_acquire
                0x0800638c        0xc d:/stm32environment/arm/bin/../lib/gcc/arm-none-eabi/10.3.1/../../../../arm-none-eabi/lib/thumb/v7-m/nofp\libg.a(lib_a-findfp.o)
                0x0800638c                __sfp_lock_acquire
 .text.__sfp_lock_release
                0x08006398        0xc d:/stm32environment/arm/bin/../lib/gcc/arm-none-eabi/10.3.1/../../../../arm-none-eabi/lib/thumb/v7-m/nofp\libg.a(lib_a-findfp.o)
                0x08006398                __sfp_lock_release
 .text.__libc_fini_array
                0x080063a4       0x2c d:/stm32environment/arm/bin/../lib/gcc/arm-none-eabi/10.3.1/../../../../arm-none-eabi/lib/thumb/v7-m/nofp\libg.a(lib_a-fini.o)
                0x080063a4                __libc_fini_array
 .text._malloc_trim_r
                0x080063d0       0xa0 d:/stm32environment/arm/bin/../lib/gcc/arm-none-eabi/10.3.1/../../../../arm-none-eabi/lib/thumb/v7-m/nofp\libg.a(lib_a-freer.o)
                0x080063d0                _malloc_trim_r
 .text._free_r  0x08006470      0x200 d:/stm32environment/arm/bin/../lib/gcc/arm-none-eabi/10.3.1/../../../../arm-none-eabi/lib/thumb/v7-m/nofp\libg.a(lib_a-freer.o)
                0x08006470                _free_r
 .text._fwalk_reent
                0x08006670       0x48 d:/stm32environment/arm/bin/../lib/gcc/arm-none-eabi/10.3.1/../../../../arm-none-eabi/lib/thumb/v7-m/nofp\libg.a(lib_a-fwalk.o)
                0x08006670                _fwalk_reent
 .text._localeconv_r
                0x080066b8        0x8 d:/stm32environment/arm/bin/../lib/gcc/arm-none-eabi/10.3.1/../../../../arm-none-eabi/lib/thumb/v7-m/nofp\libg.a(lib_a-localeconv.o)
                0x080066b8                _localeconv_r
 .text.__retarget_lock_init_recursive
                0x080066c0        0x4 d:/stm32environment/arm/bin/../lib/gcc/arm-none-eabi/10.3.1/../../../../arm-none-eabi/lib/thumb/v7-m/nofp\libg.a(lib_a-lock.o)
                0x080066c0                __retarget_lock_init_recursive
 .text.__retarget_lock_close_recursive
                0x080066c4        0x4 d:/stm32environment/arm/bin/../lib/gcc/arm-none-eabi/10.3.1/../../../../arm-none-eabi/lib/thumb/v7-m/nofp\libg.a(lib_a-lock.o)
                0x080066c4                __retarget_lock_close_recursive
 .text.__retarget_lock_acquire_recursive
                0x080066c8        0x4 d:/stm32environment/arm/bin/../lib/gcc/arm-none-eabi/10.3.1/../../../../arm-none-eabi/lib/thumb/v7-m/nofp\libg.a(lib_a-lock.o)
                0x080066c8                __retarget_lock_acquire_recursive
 .text.__retarget_lock_release_recursive
                0x080066cc        0x4 d:/stm32environment/arm/bin/../lib/gcc/arm-none-eabi/10.3.1/../../../../arm-none-eabi/lib/thumb/v7-m/nofp\libg.a(lib_a-lock.o)
                0x080066cc                __retarget_lock_release_recursive
 .text.__smakebuf_r
                0x080066d0       0xe0 d:/stm32environment/arm/bin/../lib/gcc/arm-none-eabi/10.3.1/../../../../arm-none-eabi/lib/thumb/v7-m/nofp\libg.a(lib_a-makebuf.o)
                0x080066d0                __smakebuf_r
 .text._malloc_r
                0x080067b0      0x558 d:/stm32environment/arm/bin/../lib/gcc/arm-none-eabi/10.3.1/../../../../arm-none-eabi/lib/thumb/v7-m/nofp\libg.a(lib_a-mallocr.o)
                0x080067b0                _malloc_r
 .text.memchr   0x08006d08       0x90 d:/stm32environment/arm/bin/../lib/gcc/arm-none-eabi/10.3.1/../../../../arm-none-eabi/lib/thumb/v7-m/nofp\libg.a(lib_a-memchr-stub.o)
                0x08006d08                memchr
 .text.__malloc_lock
                0x08006d98        0xc d:/stm32environment/arm/bin/../lib/gcc/arm-none-eabi/10.3.1/../../../../arm-none-eabi/lib/thumb/v7-m/nofp\libg.a(lib_a-mlock.o)
                0x08006d98                __malloc_lock
 .text.__malloc_unlock
                0x08006da4        0xc d:/stm32environment/arm/bin/../lib/gcc/arm-none-eabi/10.3.1/../../../../arm-none-eabi/lib/thumb/v7-m/nofp\libg.a(lib_a-mlock.o)
                0x08006da4                __malloc_unlock
 .text._Balloc  0x08006db0       0x4c d:/stm32environment/arm/bin/../lib/gcc/arm-none-eabi/10.3.1/../../../../arm-none-eabi/lib/thumb/v7-m/nofp\libg.a(lib_a-mprec.o)
                0x08006db0                _Balloc
 .text._Bfree   0x08006dfc       0x14 d:/stm32environment/arm/bin/../lib/gcc/arm-none-eabi/10.3.1/../../../../arm-none-eabi/lib/thumb/v7-m/nofp\libg.a(lib_a-mprec.o)
                0x08006dfc                _Bfree
 .text.__multadd
                0x08006e10       0xa4 d:/stm32environment/arm/bin/../lib/gcc/arm-none-eabi/10.3.1/../../../../arm-none-eabi/lib/thumb/v7-m/nofp\libg.a(lib_a-mprec.o)
                0x08006e10                __multadd
 .text.__hi0bits
                0x08006eb4       0x40 d:/stm32environment/arm/bin/../lib/gcc/arm-none-eabi/10.3.1/../../../../arm-none-eabi/lib/thumb/v7-m/nofp\libg.a(lib_a-mprec.o)
                0x08006eb4                __hi0bits
 .text.__lo0bits
                0x08006ef4       0x58 d:/stm32environment/arm/bin/../lib/gcc/arm-none-eabi/10.3.1/../../../../arm-none-eabi/lib/thumb/v7-m/nofp\libg.a(lib_a-mprec.o)
                0x08006ef4                __lo0bits
 .text.__i2b    0x08006f4c       0x5c d:/stm32environment/arm/bin/../lib/gcc/arm-none-eabi/10.3.1/../../../../arm-none-eabi/lib/thumb/v7-m/nofp\libg.a(lib_a-mprec.o)
                0x08006f4c                __i2b
 .text.__multiply
                0x08006fa8      0x15c d:/stm32environment/arm/bin/../lib/gcc/arm-none-eabi/10.3.1/../../../../arm-none-eabi/lib/thumb/v7-m/nofp\libg.a(lib_a-mprec.o)
                0x08006fa8                __multiply
 .text.__pow5mult
                0x08007104       0xb8 d:/stm32environment/arm/bin/../lib/gcc/arm-none-eabi/10.3.1/../../../../arm-none-eabi/lib/thumb/v7-m/nofp\libg.a(lib_a-mprec.o)
                0x08007104                __pow5mult
 .text.__lshift
                0x080071bc       0xec d:/stm32environment/arm/bin/../lib/gcc/arm-none-eabi/10.3.1/../../../../arm-none-eabi/lib/thumb/v7-m/nofp\libg.a(lib_a-mprec.o)
                0x080071bc                __lshift
 .text.__mcmp   0x080072a8       0x40 d:/stm32environment/arm/bin/../lib/gcc/arm-none-eabi/10.3.1/../../../../arm-none-eabi/lib/thumb/v7-m/nofp\libg.a(lib_a-mprec.o)
                0x080072a8                __mcmp
 .text.__mdiff  0x080072e8      0x14c d:/stm32environment/arm/bin/../lib/gcc/arm-none-eabi/10.3.1/../../../../arm-none-eabi/lib/thumb/v7-m/nofp\libg.a(lib_a-mprec.o)
                0x080072e8                __mdiff
 .text.__d2b    0x08007434       0xc4 d:/stm32environment/arm/bin/../lib/gcc/arm-none-eabi/10.3.1/../../../../arm-none-eabi/lib/thumb/v7-m/nofp\libg.a(lib_a-mprec.o)
                0x08007434                __d2b
 .text._putc_r  0x080074f8       0x74 d:/stm32environment/arm/bin/../lib/gcc/arm-none-eabi/10.3.1/../../../../arm-none-eabi/lib/thumb/v7-m/nofp\libg.a(lib_a-putc.o)
                0x080074f8                _putc_r
 .text.frexp    0x0800756c       0x70 d:/stm32environment/arm/bin/../lib/gcc/arm-none-eabi/10.3.1/../../../../arm-none-eabi/lib/thumb/v7-m/nofp\libg.a(lib_a-s_frexp.o)
                0x0800756c                frexp
 .text._sbrk_r  0x080075dc       0x24 d:/stm32environment/arm/bin/../lib/gcc/arm-none-eabi/10.3.1/../../../../arm-none-eabi/lib/thumb/v7-m/nofp\libg.a(lib_a-sbrkr.o)
                0x080075dc                _sbrk_r
 .text.__sread  0x08007600       0x24 d:/stm32environment/arm/bin/../lib/gcc/arm-none-eabi/10.3.1/../../../../arm-none-eabi/lib/thumb/v7-m/nofp\libg.a(lib_a-stdio.o)
                0x08007600                __sread
 .text.__swrite
                0x08007624       0x40 d:/stm32environment/arm/bin/../lib/gcc/arm-none-eabi/10.3.1/../../../../arm-none-eabi/lib/thumb/v7-m/nofp\libg.a(lib_a-stdio.o)
                0x08007624                __swrite
 .text.__sseek  0x08007664       0x20 d:/stm32environment/arm/bin/../lib/gcc/arm-none-eabi/10.3.1/../../../../arm-none-eabi/lib/thumb/v7-m/nofp\libg.a(lib_a-stdio.o)
                0x08007664                __sseek
 .text.__sclose
                0x08007684        0x8 d:/stm32environment/arm/bin/../lib/gcc/arm-none-eabi/10.3.1/../../../../arm-none-eabi/lib/thumb/v7-m/nofp\libg.a(lib_a-stdio.o)
                0x08007684                __sclose
 .text.strlen   0x0800768c       0x5c d:/stm32environment/arm/bin/../lib/gcc/arm-none-eabi/10.3.1/../../../../arm-none-eabi/lib/thumb/v7-m/nofp\libg.a(lib_a-strlen-stub.o)
                0x0800768c                strlen
 .text.strncpy  0x080076e8       0x68 d:/stm32environment/arm/bin/../lib/gcc/arm-none-eabi/10.3.1/../../../../arm-none-eabi/lib/thumb/v7-m/nofp\libg.a(lib_a-strncpy.o)
                0x080076e8                strncpy
 .text.__sprint_r.part.0
                0x08007750       0x78 d:/stm32environment/arm/bin/../lib/gcc/arm-none-eabi/10.3.1/../../../../arm-none-eabi/lib/thumb/v7-m/nofp\libg.a(lib_a-vfiprintf.o)
 .text.__sprint_r
                0x080077c8       0x14 d:/stm32environment/arm/bin/../lib/gcc/arm-none-eabi/10.3.1/../../../../arm-none-eabi/lib/thumb/v7-m/nofp\libg.a(lib_a-vfiprintf.o)
                0x080077c8                __sprint_r
 .text._vfiprintf_r
                0x080077dc      0xd98 d:/stm32environment/arm/bin/../lib/gcc/arm-none-eabi/10.3.1/../../../../arm-none-eabi/lib/thumb/v7-m/nofp\libg.a(lib_a-vfiprintf.o)
                0x080077dc                _vfiprintf_r
 .text.__sbprintf
                0x08008574       0x84 d:/stm32environment/arm/bin/../lib/gcc/arm-none-eabi/10.3.1/../../../../arm-none-eabi/lib/thumb/v7-m/nofp\libg.a(lib_a-vfiprintf.o)
 .text.__swbuf_r
                0x080085f8       0xb0 d:/stm32environment/arm/bin/../lib/gcc/arm-none-eabi/10.3.1/../../../../arm-none-eabi/lib/thumb/v7-m/nofp\libg.a(lib_a-wbuf.o)
                0x080085f8                __swbuf_r
 .text._write_r
                0x080086a8       0x2c d:/stm32environment/arm/bin/../lib/gcc/arm-none-eabi/10.3.1/../../../../arm-none-eabi/lib/thumb/v7-m/nofp\libg.a(lib_a-writer.o)
                0x080086a8                _write_r
 .text.__register_exitproc
                0x080086d4       0x8c d:/stm32environment/arm/bin/../lib/gcc/arm-none-eabi/10.3.1/../../../../arm-none-eabi/lib/thumb/v7-m/nofp\libg.a(lib_a-__atexit.o)
                0x080086d4                __register_exitproc
 .text.__assert_func
                0x08008760       0x40 d:/stm32environment/arm/bin/../lib/gcc/arm-none-eabi/10.3.1/../../../../arm-none-eabi/lib/thumb/v7-m/nofp\libg.a(lib_a-assert.o)
                0x08008760                __assert_func
 .text._calloc_r
                0x080087a0       0x78 d:/stm32environment/arm/bin/../lib/gcc/arm-none-eabi/10.3.1/../../../../arm-none-eabi/lib/thumb/v7-m/nofp\libg.a(lib_a-callocr.o)
                0x080087a0                _calloc_r
 .text._close_r
                0x08008818       0x24 d:/stm32environment/arm/bin/../lib/gcc/arm-none-eabi/10.3.1/../../../../arm-none-eabi/lib/thumb/v7-m/nofp\libg.a(lib_a-closer.o)
                0x08008818                _close_r
 .text._fclose_r
                0x0800883c       0xcc d:/stm32environment/arm/bin/../lib/gcc/arm-none-eabi/10.3.1/../../../../arm-none-eabi/lib/thumb/v7-m/nofp\libg.a(lib_a-fclose.o)
                0x0800883c                _fclose_r
 .text.fiprintf
                0x08008908       0x28 d:/stm32environment/arm/bin/../lib/gcc/arm-none-eabi/10.3.1/../../../../arm-none-eabi/lib/thumb/v7-m/nofp\libg.a(lib_a-fiprintf.o)
                0x08008908                fiprintf
 .text.__fputwc
                0x08008930       0xa0 d:/stm32environment/arm/bin/../lib/gcc/arm-none-eabi/10.3.1/../../../../arm-none-eabi/lib/thumb/v7-m/nofp\libg.a(lib_a-fputwc.o)
                0x08008930                __fputwc
 .text._fputwc_r
                0x080089d0       0x68 d:/stm32environment/arm/bin/../lib/gcc/arm-none-eabi/10.3.1/../../../../arm-none-eabi/lib/thumb/v7-m/nofp\libg.a(lib_a-fputwc.o)
                0x080089d0                _fputwc_r
 .text._fstat_r
                0x08008a38       0x28 d:/stm32environment/arm/bin/../lib/gcc/arm-none-eabi/10.3.1/../../../../arm-none-eabi/lib/thumb/v7-m/nofp\libg.a(lib_a-fstatr.o)
                0x08008a38                _fstat_r
 .text.__sfvwrite_r
                0x08008a60      0x2f0 d:/stm32environment/arm/bin/../lib/gcc/arm-none-eabi/10.3.1/../../../../arm-none-eabi/lib/thumb/v7-m/nofp\libg.a(lib_a-fvwrite.o)
                0x08008a60                __sfvwrite_r
 .text._isatty_r
                0x08008d50       0x24 d:/stm32environment/arm/bin/../lib/gcc/arm-none-eabi/10.3.1/../../../../arm-none-eabi/lib/thumb/v7-m/nofp\libg.a(lib_a-isattyr.o)
                0x08008d50                _isatty_r
 .text.__locale_mb_cur_max
                0x08008d74        0xc d:/stm32environment/arm/bin/../lib/gcc/arm-none-eabi/10.3.1/../../../../arm-none-eabi/lib/thumb/v7-m/nofp\libg.a(lib_a-locale.o)
                0x08008d74                __locale_mb_cur_max
 .text._lseek_r
                0x08008d80       0x2c d:/stm32environment/arm/bin/../lib/gcc/arm-none-eabi/10.3.1/../../../../arm-none-eabi/lib/thumb/v7-m/nofp\libg.a(lib_a-lseekr.o)
                0x08008d80                _lseek_r
 .text.__ascii_mbtowc
                0x08008dac       0x2c d:/stm32environment/arm/bin/../lib/gcc/arm-none-eabi/10.3.1/../../../../arm-none-eabi/lib/thumb/v7-m/nofp\libg.a(lib_a-mbtowc_r.o)
                0x08008dac                __ascii_mbtowc
 .text.memmove  0x08008dd8       0xf8 d:/stm32environment/arm/bin/../lib/gcc/arm-none-eabi/10.3.1/../../../../arm-none-eabi/lib/thumb/v7-m/nofp\libg.a(lib_a-memmove.o)
                0x08008dd8                memmove
 .text._read_r  0x08008ed0       0x2c d:/stm32environment/arm/bin/../lib/gcc/arm-none-eabi/10.3.1/../../../../arm-none-eabi/lib/thumb/v7-m/nofp\libg.a(lib_a-readr.o)
                0x08008ed0                _read_r
 .text._realloc_r
                0x08008efc      0x3dc d:/stm32environment/arm/bin/../lib/gcc/arm-none-eabi/10.3.1/../../../../arm-none-eabi/lib/thumb/v7-m/nofp\libg.a(lib_a-reallocr.o)
                0x08008efc                _realloc_r
 .text._wcrtomb_r
                0x080092d8       0x3c d:/stm32environment/arm/bin/../lib/gcc/arm-none-eabi/10.3.1/../../../../arm-none-eabi/lib/thumb/v7-m/nofp\libg.a(lib_a-wcrtomb.o)
                0x080092d8                _wcrtomb_r
 .text.__ascii_wctomb
                0x08009314       0x1c d:/stm32environment/arm/bin/../lib/gcc/arm-none-eabi/10.3.1/../../../../arm-none-eabi/lib/thumb/v7-m/nofp\libg.a(lib_a-wctomb_r.o)
                0x08009314                __ascii_wctomb
 .text.abort    0x08009330       0x10 d:/stm32environment/arm/bin/../lib/gcc/arm-none-eabi/10.3.1/../../../../arm-none-eabi/lib/thumb/v7-m/nofp\libg.a(lib_a-abort.o)
                0x08009330                abort
 .text.raise    0x08009340       0x5c d:/stm32environment/arm/bin/../lib/gcc/arm-none-eabi/10.3.1/../../../../arm-none-eabi/lib/thumb/v7-m/nofp\libg.a(lib_a-signal.o)
                0x08009340                raise
 .text._kill_r  0x0800939c       0x28 d:/stm32environment/arm/bin/../lib/gcc/arm-none-eabi/10.3.1/../../../../arm-none-eabi/lib/thumb/v7-m/nofp\libg.a(lib_a-signalr.o)
                0x0800939c                _kill_r
 .text._getpid_r
                0x080093c4        0x4 d:/stm32environment/arm/bin/../lib/gcc/arm-none-eabi/10.3.1/../../../../arm-none-eabi/lib/thumb/v7-m/nofp\libg.a(lib_a-signalr.o)
                0x080093c4                _getpid_r
 *(.glue_7)
 .glue_7        0x080093c8        0x0 linker stubs
 *(.glue_7t)
 .glue_7t       0x080093c8        0x0 linker stubs
 *(.eh_frame)
 .eh_frame      0x080093c8        0x0 d:/stm32environment/arm/bin/../lib/gcc/arm-none-eabi/10.3.1/thumb/v7-m/nofp/crtbegin.o
 *(.init)
 .init          0x080093c8        0x4 d:/stm32environment/arm/bin/../lib/gcc/arm-none-eabi/10.3.1/thumb/v7-m/nofp/crti.o
                0x080093c8                _init
 .init          0x080093cc        0x8 d:/stm32environment/arm/bin/../lib/gcc/arm-none-eabi/10.3.1/thumb/v7-m/nofp/crtn.o
 *(.fini)
 .fini          0x080093d4        0x4 d:/stm32environment/arm/bin/../lib/gcc/arm-none-eabi/10.3.1/thumb/v7-m/nofp/crti.o
                0x080093d4                _fini
 .fini          0x080093d8        0x8 d:/stm32environment/arm/bin/../lib/gcc/arm-none-eabi/10.3.1/thumb/v7-m/nofp/crtn.o
                0x080093e0                . = ALIGN (0x4)
                0x080093e0                _etext = .

.vfp11_veneer   0x080093e0        0x0
 .vfp11_veneer  0x080093e0        0x0 linker stubs

.v4_bx          0x080093e0        0x0
 .v4_bx         0x080093e0        0x0 linker stubs

.iplt           0x080093e0        0x0
 .iplt          0x080093e0        0x0 d:/stm32environment/arm/bin/../lib/gcc/arm-none-eabi/10.3.1/thumb/v7-m/nofp/crtbegin.o

.rodata         0x080093e0      0x480
                0x080093e0                . = ALIGN (0x4)
 *(.rodata)
 *(.rodata*)
 .rodata.main.str1.4
                0x080093e0       0x51 CMakeFiles/mpu6050_try1.elf.dir/Core/Src/main.c.obj
 *fill*         0x08009431        0x3 
 .rodata.AHBPrescTable
                0x08009434       0x10 CMakeFiles/mpu6050_try1.elf.dir/Core/Src/system_stm32f1xx.c.obj
                0x08009434                AHBPrescTable
 .rodata.APBPrescTable
                0x08009444        0x8 CMakeFiles/mpu6050_try1.elf.dir/Core/Src/system_stm32f1xx.c.obj
                0x08009444                APBPrescTable
 .rodata.aPLLMULFactorTable.1
                0x0800944c       0x10 CMakeFiles/mpu6050_try1.elf.dir/Drivers/STM32F1xx_HAL_Driver/Src/stm32f1xx_hal_rcc.c.obj
 .rodata.aPredivFactorTable.0
                0x0800945c        0x2 CMakeFiles/mpu6050_try1.elf.dir/Drivers/STM32F1xx_HAL_Driver/Src/stm32f1xx_hal_rcc.c.obj
 *fill*         0x0800945e        0x2 
 .rodata._global_impure_ptr
                0x08009460        0x4 d:/stm32environment/arm/bin/../lib/gcc/arm-none-eabi/10.3.1/../../../../arm-none-eabi/lib/thumb/v7-m/nofp\libg.a(lib_a-impure.o)
                0x08009460                _global_impure_ptr
 .rodata._vfprintf_r.str1.4
                0x08009464       0x42 d:/stm32environment/arm/bin/../lib/gcc/arm-none-eabi/10.3.1/../../../../arm-none-eabi/lib/thumb/v7-m/nofp\libg.a(lib_a-vfprintf.o)
 *fill*         0x080094a6        0x2 
 .rodata.blanks.1
                0x080094a8       0x10 d:/stm32environment/arm/bin/../lib/gcc/arm-none-eabi/10.3.1/../../../../arm-none-eabi/lib/thumb/v7-m/nofp\libg.a(lib_a-vfprintf.o)
 .rodata.zeroes.0
                0x080094b8       0x10 d:/stm32environment/arm/bin/../lib/gcc/arm-none-eabi/10.3.1/../../../../arm-none-eabi/lib/thumb/v7-m/nofp\libg.a(lib_a-vfprintf.o)
 .rodata._dtoa_r.str1.4
                0x080094c8       0xa2 d:/stm32environment/arm/bin/../lib/gcc/arm-none-eabi/10.3.1/../../../../arm-none-eabi/lib/thumb/v7-m/nofp\libg.a(lib_a-dtoa.o)
                                 0xa6 (size before relaxing)
 *fill*         0x0800956a        0x2 
 .rodata.__multadd.str1.4
                0x0800956c       0x7f d:/stm32environment/arm/bin/../lib/gcc/arm-none-eabi/10.3.1/../../../../arm-none-eabi/lib/thumb/v7-m/nofp\libg.a(lib_a-mprec.o)
                                 0x93 (size before relaxing)
 *fill*         0x080095eb        0x5 
 .rodata.__mprec_bigtens
                0x080095f0       0x28 d:/stm32environment/arm/bin/../lib/gcc/arm-none-eabi/10.3.1/../../../../arm-none-eabi/lib/thumb/v7-m/nofp\libg.a(lib_a-mprec.o)
                0x080095f0                __mprec_bigtens
 .rodata.__mprec_tens
                0x08009618       0xc8 d:/stm32environment/arm/bin/../lib/gcc/arm-none-eabi/10.3.1/../../../../arm-none-eabi/lib/thumb/v7-m/nofp\libg.a(lib_a-mprec.o)
                0x08009618                __mprec_tens
 .rodata.p05.0  0x080096e0        0xc d:/stm32environment/arm/bin/../lib/gcc/arm-none-eabi/10.3.1/../../../../arm-none-eabi/lib/thumb/v7-m/nofp\libg.a(lib_a-mprec.o)
 .rodata._vfiprintf_r.str1.4
                0x080096ec       0x2f d:/stm32environment/arm/bin/../lib/gcc/arm-none-eabi/10.3.1/../../../../arm-none-eabi/lib/thumb/v7-m/nofp\libg.a(lib_a-vfiprintf.o)
 .rodata.blanks.1
                0x080096ec       0x10 d:/stm32environment/arm/bin/../lib/gcc/arm-none-eabi/10.3.1/../../../../arm-none-eabi/lib/thumb/v7-m/nofp\libg.a(lib_a-vfiprintf.o)
 .rodata.zeroes.0
                0x080096fc       0x10 d:/stm32environment/arm/bin/../lib/gcc/arm-none-eabi/10.3.1/../../../../arm-none-eabi/lib/thumb/v7-m/nofp\libg.a(lib_a-vfiprintf.o)
 .rodata.__assert_func.str1.4
                0x0800970c       0x3f d:/stm32environment/arm/bin/../lib/gcc/arm-none-eabi/10.3.1/../../../../arm-none-eabi/lib/thumb/v7-m/nofp\libg.a(lib_a-assert.o)
                                 0x43 (size before relaxing)
 *fill*         0x0800974b        0x1 
 .rodata._setlocale_r.str1.4
                0x0800974c        0xa d:/stm32environment/arm/bin/../lib/gcc/arm-none-eabi/10.3.1/../../../../arm-none-eabi/lib/thumb/v7-m/nofp\libg.a(lib_a-locale.o)
                                  0xd (size before relaxing)
 *fill*         0x08009756        0x2 
 .rodata.str1.4
                0x08009758        0x2 d:/stm32environment/arm/bin/../lib/gcc/arm-none-eabi/10.3.1/../../../../arm-none-eabi/lib/thumb/v7-m/nofp\libg.a(lib_a-locale.o)
 *fill*         0x0800975a        0x2 
 .rodata._ctype_
                0x0800975c      0x101 d:/stm32environment/arm/bin/../lib/gcc/arm-none-eabi/10.3.1/../../../../arm-none-eabi/lib/thumb/v7-m/nofp\libg.a(lib_a-ctype_.o)
                0x0800975c                _ctype_
                0x08009860                . = ALIGN (0x4)
 *fill*         0x0800985d        0x3 

.ARM.extab      0x08009860        0x0
                0x08009860                . = ALIGN (0x4)
 *(.ARM.extab* .gnu.linkonce.armextab.*)
                0x08009860                . = ALIGN (0x4)

.ARM            0x08009860        0x8
                0x08009860                . = ALIGN (0x4)
                0x08009860                __exidx_start = .
 *(.ARM.exidx*)
 .ARM.exidx     0x08009860        0x8 d:/stm32environment/arm/bin/../lib/gcc/arm-none-eabi/10.3.1/thumb/v7-m/nofp\libgcc.a(_udivmoddi4.o)
                0x08009868                __exidx_end = .
                0x08009868                . = ALIGN (0x4)

.rel.dyn        0x08009868        0x0
 .rel.iplt      0x08009868        0x0 d:/stm32environment/arm/bin/../lib/gcc/arm-none-eabi/10.3.1/thumb/v7-m/nofp/crtbegin.o

.preinit_array  0x08009868        0x0
                0x08009868                . = ALIGN (0x4)
                0x08009868                PROVIDE (__preinit_array_start = .)
 *(.preinit_array*)
                0x08009868                PROVIDE (__preinit_array_end = .)
                0x08009868                . = ALIGN (0x4)

.init_array     0x08009868        0x8
                0x08009868                . = ALIGN (0x4)
                0x08009868                PROVIDE (__init_array_start = .)
 *(SORT_BY_NAME(.init_array.*))
 .init_array.00000
                0x08009868        0x4 d:/stm32environment/arm/bin/../lib/gcc/arm-none-eabi/10.3.1/../../../../arm-none-eabi/lib/thumb/v7-m/nofp\libg.a(lib_a-__call_atexit.o)
 *(.init_array*)
 .init_array    0x0800986c        0x4 d:/stm32environment/arm/bin/../lib/gcc/arm-none-eabi/10.3.1/thumb/v7-m/nofp/crtbegin.o
                0x08009870                PROVIDE (__init_array_end = .)
                0x08009870                . = ALIGN (0x4)

.fini_array     0x08009870        0x4
                0x08009870                . = ALIGN (0x4)
                0x08009870                PROVIDE (__fini_array_start = .)
 *(SORT_BY_NAME(.fini_array.*))
 *(.fini_array*)
 .fini_array    0x08009870        0x4 d:/stm32environment/arm/bin/../lib/gcc/arm-none-eabi/10.3.1/thumb/v7-m/nofp/crtbegin.o
                0x08009874                PROVIDE (__fini_array_end = .)
                0x08009874                . = ALIGN (0x4)
                0x08009874                _sidata = LOADADDR (.data)

.data           0x20000000      0x9b8 load address 0x08009874
                0x20000000                . = ALIGN (0x4)
                0x20000000                _sdata = .
 *(.data)
 *(.data*)
 .data.SystemCoreClock
                0x20000000        0x4 CMakeFiles/mpu6050_try1.elf.dir/Core/Src/system_stm32f1xx.c.obj
                0x20000000                SystemCoreClock
 .data.Mpu6050Addr
                0x20000004        0x2 CMakeFiles/mpu6050_try1.elf.dir/Core/mpu6050/mpu6050.c.obj
 .data.uwTickFreq
                0x20000006        0x1 CMakeFiles/mpu6050_try1.elf.dir/Drivers/STM32F1xx_HAL_Driver/Src/stm32f1xx_hal.c.obj
                0x20000006                uwTickFreq
 *fill*         0x20000007        0x1 
 .data.uwTickPrio
                0x20000008        0x4 CMakeFiles/mpu6050_try1.elf.dir/Drivers/STM32F1xx_HAL_Driver/Src/stm32f1xx_hal.c.obj
                0x20000008                uwTickPrio
 .data._impure_ptr
                0x2000000c        0x4 d:/stm32environment/arm/bin/../lib/gcc/arm-none-eabi/10.3.1/../../../../arm-none-eabi/lib/thumb/v7-m/nofp\libg.a(lib_a-impure.o)
                0x2000000c                _impure_ptr
 .data.impure_data
                0x20000010      0x428 d:/stm32environment/arm/bin/../lib/gcc/arm-none-eabi/10.3.1/../../../../arm-none-eabi/lib/thumb/v7-m/nofp\libg.a(lib_a-impure.o)
 .data.__atexit_recursive_mutex
                0x20000438        0x4 d:/stm32environment/arm/bin/../lib/gcc/arm-none-eabi/10.3.1/../../../../arm-none-eabi/lib/thumb/v7-m/nofp\libg.a(lib_a-__call_atexit.o)
                0x20000438                __atexit_recursive_mutex
 .data.__malloc_av_
                0x2000043c      0x408 d:/stm32environment/arm/bin/../lib/gcc/arm-none-eabi/10.3.1/../../../../arm-none-eabi/lib/thumb/v7-m/nofp\libg.a(lib_a-mallocr.o)
                0x2000043c                __malloc_av_
 .data.__malloc_sbrk_base
                0x20000844        0x4 d:/stm32environment/arm/bin/../lib/gcc/arm-none-eabi/10.3.1/../../../../arm-none-eabi/lib/thumb/v7-m/nofp\libg.a(lib_a-mallocr.o)
                0x20000844                __malloc_sbrk_base
 .data.__malloc_trim_threshold
                0x20000848        0x4 d:/stm32environment/arm/bin/../lib/gcc/arm-none-eabi/10.3.1/../../../../arm-none-eabi/lib/thumb/v7-m/nofp\libg.a(lib_a-mallocr.o)
                0x20000848                __malloc_trim_threshold
 .data.__global_locale
                0x2000084c      0x16c d:/stm32environment/arm/bin/../lib/gcc/arm-none-eabi/10.3.1/../../../../arm-none-eabi/lib/thumb/v7-m/nofp\libg.a(lib_a-locale.o)
                0x2000084c                __global_locale
 *(.RamFunc)
 *(.RamFunc*)
                0x200009b8                . = ALIGN (0x4)
                0x200009b8                _edata = .

.igot.plt       0x200009b8        0x0 load address 0x0800a22c
 .igot.plt      0x200009b8        0x0 d:/stm32environment/arm/bin/../lib/gcc/arm-none-eabi/10.3.1/thumb/v7-m/nofp/crtbegin.o
                0x200009b8                . = ALIGN (0x4)

.bss            0x200009b8      0x124 load address 0x0800a22c
                0x200009b8                _sbss = .
                0x200009b8                __bss_start__ = _sbss
 *(.bss)
 .bss           0x200009b8       0x1c d:/stm32environment/arm/bin/../lib/gcc/arm-none-eabi/10.3.1/thumb/v7-m/nofp/crtbegin.o
 *(.bss*)
 .bss.hi2c1     0x200009d4       0x54 CMakeFiles/mpu6050_try1.elf.dir/Core/Src/i2c.c.obj
                0x200009d4                hi2c1
 .bss.__sbrk_heap_end
                0x20000a28        0x4 CMakeFiles/mpu6050_try1.elf.dir/Core/Src/sysmem.c.obj
 .bss.huart1    0x20000a2c       0x48 CMakeFiles/mpu6050_try1.elf.dir/Core/Src/usart.c.obj
                0x20000a2c                huart1
 .bss.MPU6050_Data
                0x20000a74       0x1c CMakeFiles/mpu6050_try1.elf.dir/Core/mpu6050/mpu6050.c.obj
                0x20000a74                MPU6050_Data
 .bss.uwTick    0x20000a90        0x4 CMakeFiles/mpu6050_try1.elf.dir/Drivers/STM32F1xx_HAL_Driver/Src/stm32f1xx_hal.c.obj
                0x20000a90                uwTick
 .bss.__lock___atexit_recursive_mutex
                0x20000a94        0x1 d:/stm32environment/arm/bin/../lib/gcc/arm-none-eabi/10.3.1/../../../../arm-none-eabi/lib/thumb/v7-m/nofp\libg.a(lib_a-lock.o)
                0x20000a94                __lock___atexit_recursive_mutex
 *fill*         0x20000a95        0x3 
 .bss.__lock___malloc_recursive_mutex
                0x20000a98        0x1 d:/stm32environment/arm/bin/../lib/gcc/arm-none-eabi/10.3.1/../../../../arm-none-eabi/lib/thumb/v7-m/nofp\libg.a(lib_a-lock.o)
                0x20000a98                __lock___malloc_recursive_mutex
 *fill*         0x20000a99        0x3 
 .bss.__lock___sfp_recursive_mutex
                0x20000a9c        0x1 d:/stm32environment/arm/bin/../lib/gcc/arm-none-eabi/10.3.1/../../../../arm-none-eabi/lib/thumb/v7-m/nofp\libg.a(lib_a-lock.o)
                0x20000a9c                __lock___sfp_recursive_mutex
 *fill*         0x20000a9d        0x3 
 .bss.__lock___sinit_recursive_mutex
                0x20000aa0        0x1 d:/stm32environment/arm/bin/../lib/gcc/arm-none-eabi/10.3.1/../../../../arm-none-eabi/lib/thumb/v7-m/nofp\libg.a(lib_a-lock.o)
                0x20000aa0                __lock___sinit_recursive_mutex
 *fill*         0x20000aa1        0x3 
 .bss.__malloc_current_mallinfo
                0x20000aa4       0x28 d:/stm32environment/arm/bin/../lib/gcc/arm-none-eabi/10.3.1/../../../../arm-none-eabi/lib/thumb/v7-m/nofp\libg.a(lib_a-mallocr.o)
                0x20000aa4                __malloc_current_mallinfo
 .bss.__malloc_max_sbrked_mem
                0x20000acc        0x4 d:/stm32environment/arm/bin/../lib/gcc/arm-none-eabi/10.3.1/../../../../arm-none-eabi/lib/thumb/v7-m/nofp\libg.a(lib_a-mallocr.o)
                0x20000acc                __malloc_max_sbrked_mem
 .bss.__malloc_max_total_mem
                0x20000ad0        0x4 d:/stm32environment/arm/bin/../lib/gcc/arm-none-eabi/10.3.1/../../../../arm-none-eabi/lib/thumb/v7-m/nofp\libg.a(lib_a-mallocr.o)
                0x20000ad0                __malloc_max_total_mem
 .bss.__malloc_top_pad
                0x20000ad4        0x4 d:/stm32environment/arm/bin/../lib/gcc/arm-none-eabi/10.3.1/../../../../arm-none-eabi/lib/thumb/v7-m/nofp\libg.a(lib_a-mallocr.o)
                0x20000ad4                __malloc_top_pad
 .bss.errno     0x20000ad8        0x4 d:/stm32environment/arm/bin/../lib/gcc/arm-none-eabi/10.3.1/../../../../arm-none-eabi/lib/thumb/v7-m/nofp\libg.a(lib_a-reent.o)
                0x20000ad8                errno
 *(COMMON)
                0x20000adc                . = ALIGN (0x4)
                0x20000adc                _ebss = .
                0x20000adc                __bss_end__ = _ebss

._user_heap_stack
                0x20000adc      0x604 load address 0x0800a22c
                0x20000ae0                . = ALIGN (0x8)
 *fill*         0x20000adc        0x4 
                [!provide]                PROVIDE (end = .)
                0x20000ae0                PROVIDE (_end = .)
                0x20000ce0                . = (. + _Min_Heap_Size)
 *fill*         0x20000ae0      0x200 
                0x200010e0                . = (. + _Min_Stack_Size)
 *fill*         0x20000ce0      0x400 
                0x200010e0                . = ALIGN (0x8)

/DISCARD/
 libc.a(*)
 libm.a(*)
 libgcc.a(*)

.ARM.attributes
                0x00000000       0x29
 *(.ARM.attributes)
 .ARM.attributes
                0x00000000       0x1d d:/stm32environment/arm/bin/../lib/gcc/arm-none-eabi/10.3.1/thumb/v7-m/nofp/crti.o
 .ARM.attributes
                0x0000001d       0x2d d:/stm32environment/arm/bin/../lib/gcc/arm-none-eabi/10.3.1/thumb/v7-m/nofp/crtbegin.o
 .ARM.attributes
                0x0000004a       0x2d CMakeFiles/mpu6050_try1.elf.dir/Core/Src/gpio.c.obj
 .ARM.attributes
                0x00000077       0x2d CMakeFiles/mpu6050_try1.elf.dir/Core/Src/i2c.c.obj
 .ARM.attributes
                0x000000a4       0x2d CMakeFiles/mpu6050_try1.elf.dir/Core/Src/main.c.obj
 .ARM.attributes
                0x000000d1       0x2d CMakeFiles/mpu6050_try1.elf.dir/Core/Src/stm32f1xx_hal_msp.c.obj
 .ARM.attributes
                0x000000fe       0x2d CMakeFiles/mpu6050_try1.elf.dir/Core/Src/stm32f1xx_it.c.obj
 .ARM.attributes
                0x0000012b       0x2d CMakeFiles/mpu6050_try1.elf.dir/Core/Src/syscalls.c.obj
 .ARM.attributes
                0x00000158       0x2d CMakeFiles/mpu6050_try1.elf.dir/Core/Src/sysmem.c.obj
 .ARM.attributes
                0x00000185       0x2d CMakeFiles/mpu6050_try1.elf.dir/Core/Src/system_stm32f1xx.c.obj
 .ARM.attributes
                0x000001b2       0x2d CMakeFiles/mpu6050_try1.elf.dir/Core/Src/usart.c.obj
 .ARM.attributes
                0x000001df       0x21 CMakeFiles/mpu6050_try1.elf.dir/Core/Startup/startup_stm32f103c8tx.s.obj
 .ARM.attributes
                0x00000200       0x2d CMakeFiles/mpu6050_try1.elf.dir/Core/mpu6050/mpu6050.c.obj
 .ARM.attributes
                0x0000022d       0x2d CMakeFiles/mpu6050_try1.elf.dir/Drivers/STM32F1xx_HAL_Driver/Src/stm32f1xx_hal.c.obj
 .ARM.attributes
                0x0000025a       0x2d CMakeFiles/mpu6050_try1.elf.dir/Drivers/STM32F1xx_HAL_Driver/Src/stm32f1xx_hal_cortex.c.obj
 .ARM.attributes
                0x00000287       0x2d CMakeFiles/mpu6050_try1.elf.dir/Drivers/STM32F1xx_HAL_Driver/Src/stm32f1xx_hal_gpio.c.obj
 .ARM.attributes
                0x000002b4       0x2d CMakeFiles/mpu6050_try1.elf.dir/Drivers/STM32F1xx_HAL_Driver/Src/stm32f1xx_hal_i2c.c.obj
 .ARM.attributes
                0x000002e1       0x2d CMakeFiles/mpu6050_try1.elf.dir/Drivers/STM32F1xx_HAL_Driver/Src/stm32f1xx_hal_rcc.c.obj
 .ARM.attributes
                0x0000030e       0x2d CMakeFiles/mpu6050_try1.elf.dir/Drivers/STM32F1xx_HAL_Driver/Src/stm32f1xx_hal_uart.c.obj
 .ARM.attributes
                0x0000033b       0x1d d:/stm32environment/arm/bin/../lib/gcc/arm-none-eabi/10.3.1/thumb/v7-m/nofp\libgcc.a(_arm_addsubdf3.o)
 .ARM.attributes
                0x00000358       0x1d d:/stm32environment/arm/bin/../lib/gcc/arm-none-eabi/10.3.1/thumb/v7-m/nofp\libgcc.a(_arm_addsubsf3.o)
 .ARM.attributes
                0x00000375       0x1d d:/stm32environment/arm/bin/../lib/gcc/arm-none-eabi/10.3.1/thumb/v7-m/nofp\libgcc.a(_arm_muldivsf3.o)
 .ARM.attributes
                0x00000392       0x2d d:/stm32environment/arm/bin/../lib/gcc/arm-none-eabi/10.3.1/../../../../arm-none-eabi/lib/thumb/v7-m/nofp\libg.a(lib_a-errno.o)
 .ARM.attributes
                0x000003bf       0x2d d:/stm32environment/arm/bin/../lib/gcc/arm-none-eabi/10.3.1/../../../../arm-none-eabi/lib/thumb/v7-m/nofp\libg.a(lib_a-impure.o)
 .ARM.attributes
                0x000003ec       0x2d d:/stm32environment/arm/bin/../lib/gcc/arm-none-eabi/10.3.1/../../../../arm-none-eabi/lib/thumb/v7-m/nofp\libg.a(lib_a-init.o)
 .ARM.attributes
                0x00000419       0x2d d:/stm32environment/arm/bin/../lib/gcc/arm-none-eabi/10.3.1/../../../../arm-none-eabi/lib/thumb/v7-m/nofp\libg.a(lib_a-memset.o)
 .ARM.attributes
                0x00000446       0x2d d:/stm32environment/arm/bin/../lib/gcc/arm-none-eabi/10.3.1/../../../../arm-none-eabi/lib/thumb/v7-m/nofp\libg.a(lib_a-printf.o)
 .ARM.attributes
                0x00000473       0x2d d:/stm32environment/arm/bin/../lib/gcc/arm-none-eabi/10.3.1/../../../../arm-none-eabi/lib/thumb/v7-m/nofp\libg.a(lib_a-putchar.o)
 .ARM.attributes
                0x000004a0       0x2d d:/stm32environment/arm/bin/../lib/gcc/arm-none-eabi/10.3.1/../../../../arm-none-eabi/lib/thumb/v7-m/nofp\libg.a(lib_a-vfprintf.o)
 .ARM.attributes
                0x000004cd       0x2d d:/stm32environment/arm/bin/../lib/gcc/arm-none-eabi/10.3.1/../../../../arm-none-eabi/lib/thumb/v7-m/nofp\libg.a(lib_a-wsetup.o)
 .ARM.attributes
                0x000004fa       0x2d d:/stm32environment/arm/bin/../lib/gcc/arm-none-eabi/10.3.1/../../../../arm-none-eabi/lib/thumb/v7-m/nofp\libg.a(lib_a-__call_atexit.o)
 .ARM.attributes
                0x00000527       0x2d d:/stm32environment/arm/bin/../lib/gcc/arm-none-eabi/10.3.1/../../../../arm-none-eabi/lib/thumb/v7-m/nofp\libg.a(lib_a-atexit.o)
 .ARM.attributes
                0x00000554       0x2d d:/stm32environment/arm/bin/../lib/gcc/arm-none-eabi/10.3.1/../../../../arm-none-eabi/lib/thumb/v7-m/nofp\libg.a(lib_a-dtoa.o)
 .ARM.attributes
                0x00000581       0x2d d:/stm32environment/arm/bin/../lib/gcc/arm-none-eabi/10.3.1/../../../../arm-none-eabi/lib/thumb/v7-m/nofp\libg.a(lib_a-fflush.o)
 .ARM.attributes
                0x000005ae       0x2d d:/stm32environment/arm/bin/../lib/gcc/arm-none-eabi/10.3.1/../../../../arm-none-eabi/lib/thumb/v7-m/nofp\libg.a(lib_a-findfp.o)
 .ARM.attributes
                0x000005db       0x2d d:/stm32environment/arm/bin/../lib/gcc/arm-none-eabi/10.3.1/../../../../arm-none-eabi/lib/thumb/v7-m/nofp\libg.a(lib_a-fini.o)
 .ARM.attributes
                0x00000608       0x2d d:/stm32environment/arm/bin/../lib/gcc/arm-none-eabi/10.3.1/../../../../arm-none-eabi/lib/thumb/v7-m/nofp\libg.a(lib_a-freer.o)
 .ARM.attributes
                0x00000635       0x2d d:/stm32environment/arm/bin/../lib/gcc/arm-none-eabi/10.3.1/../../../../arm-none-eabi/lib/thumb/v7-m/nofp\libg.a(lib_a-fwalk.o)
 .ARM.attributes
                0x00000662       0x2d d:/stm32environment/arm/bin/../lib/gcc/arm-none-eabi/10.3.1/../../../../arm-none-eabi/lib/thumb/v7-m/nofp\libg.a(lib_a-localeconv.o)
 .ARM.attributes
                0x0000068f       0x2d d:/stm32environment/arm/bin/../lib/gcc/arm-none-eabi/10.3.1/../../../../arm-none-eabi/lib/thumb/v7-m/nofp\libg.a(lib_a-lock.o)
 .ARM.attributes
                0x000006bc       0x2d d:/stm32environment/arm/bin/../lib/gcc/arm-none-eabi/10.3.1/../../../../arm-none-eabi/lib/thumb/v7-m/nofp\libg.a(lib_a-makebuf.o)
 .ARM.attributes
                0x000006e9       0x2d d:/stm32environment/arm/bin/../lib/gcc/arm-none-eabi/10.3.1/../../../../arm-none-eabi/lib/thumb/v7-m/nofp\libg.a(lib_a-mallocr.o)
 .ARM.attributes
                0x00000716       0x2d d:/stm32environment/arm/bin/../lib/gcc/arm-none-eabi/10.3.1/../../../../arm-none-eabi/lib/thumb/v7-m/nofp\libg.a(lib_a-memchr-stub.o)
 .ARM.attributes
                0x00000743       0x1b d:/stm32environment/arm/bin/../lib/gcc/arm-none-eabi/10.3.1/../../../../arm-none-eabi/lib/thumb/v7-m/nofp\libg.a(lib_a-memcpy.o)
 .ARM.attributes
                0x0000075e       0x2d d:/stm32environment/arm/bin/../lib/gcc/arm-none-eabi/10.3.1/../../../../arm-none-eabi/lib/thumb/v7-m/nofp\libg.a(lib_a-mlock.o)
 .ARM.attributes
                0x0000078b       0x2d d:/stm32environment/arm/bin/../lib/gcc/arm-none-eabi/10.3.1/../../../../arm-none-eabi/lib/thumb/v7-m/nofp\libg.a(lib_a-mprec.o)
 .ARM.attributes
                0x000007b8       0x2d d:/stm32environment/arm/bin/../lib/gcc/arm-none-eabi/10.3.1/../../../../arm-none-eabi/lib/thumb/v7-m/nofp\libg.a(lib_a-putc.o)
 .ARM.attributes
                0x000007e5       0x2d d:/stm32environment/arm/bin/../lib/gcc/arm-none-eabi/10.3.1/../../../../arm-none-eabi/lib/thumb/v7-m/nofp\libg.a(lib_a-s_frexp.o)
 .ARM.attributes
                0x00000812       0x2d d:/stm32environment/arm/bin/../lib/gcc/arm-none-eabi/10.3.1/../../../../arm-none-eabi/lib/thumb/v7-m/nofp\libg.a(lib_a-sbrkr.o)
 .ARM.attributes
                0x0000083f       0x2d d:/stm32environment/arm/bin/../lib/gcc/arm-none-eabi/10.3.1/../../../../arm-none-eabi/lib/thumb/v7-m/nofp\libg.a(lib_a-stdio.o)
 .ARM.attributes
                0x0000086c       0x2d d:/stm32environment/arm/bin/../lib/gcc/arm-none-eabi/10.3.1/../../../../arm-none-eabi/lib/thumb/v7-m/nofp\libg.a(lib_a-strlen-stub.o)
 .ARM.attributes
                0x00000899       0x2d d:/stm32environment/arm/bin/../lib/gcc/arm-none-eabi/10.3.1/../../../../arm-none-eabi/lib/thumb/v7-m/nofp\libg.a(lib_a-strncpy.o)
 .ARM.attributes
                0x000008c6       0x2d d:/stm32environment/arm/bin/../lib/gcc/arm-none-eabi/10.3.1/../../../../arm-none-eabi/lib/thumb/v7-m/nofp\libg.a(lib_a-vfiprintf.o)
 .ARM.attributes
                0x000008f3       0x2d d:/stm32environment/arm/bin/../lib/gcc/arm-none-eabi/10.3.1/../../../../arm-none-eabi/lib/thumb/v7-m/nofp\libg.a(lib_a-wbuf.o)
 .ARM.attributes
                0x00000920       0x2d d:/stm32environment/arm/bin/../lib/gcc/arm-none-eabi/10.3.1/../../../../arm-none-eabi/lib/thumb/v7-m/nofp\libg.a(lib_a-writer.o)
 .ARM.attributes
                0x0000094d       0x2d d:/stm32environment/arm/bin/../lib/gcc/arm-none-eabi/10.3.1/../../../../arm-none-eabi/lib/thumb/v7-m/nofp\libg.a(lib_a-__atexit.o)
 .ARM.attributes
                0x0000097a       0x2d d:/stm32environment/arm/bin/../lib/gcc/arm-none-eabi/10.3.1/../../../../arm-none-eabi/lib/thumb/v7-m/nofp\libg.a(lib_a-assert.o)
 .ARM.attributes
                0x000009a7       0x2d d:/stm32environment/arm/bin/../lib/gcc/arm-none-eabi/10.3.1/../../../../arm-none-eabi/lib/thumb/v7-m/nofp\libg.a(lib_a-callocr.o)
 .ARM.attributes
                0x000009d4       0x2d d:/stm32environment/arm/bin/../lib/gcc/arm-none-eabi/10.3.1/../../../../arm-none-eabi/lib/thumb/v7-m/nofp\libg.a(lib_a-closer.o)
 .ARM.attributes
                0x00000a01       0x2d d:/stm32environment/arm/bin/../lib/gcc/arm-none-eabi/10.3.1/../../../../arm-none-eabi/lib/thumb/v7-m/nofp\libg.a(lib_a-fclose.o)
 .ARM.attributes
                0x00000a2e       0x2d d:/stm32environment/arm/bin/../lib/gcc/arm-none-eabi/10.3.1/../../../../arm-none-eabi/lib/thumb/v7-m/nofp\libg.a(lib_a-fiprintf.o)
 .ARM.attributes
                0x00000a5b       0x2d d:/stm32environment/arm/bin/../lib/gcc/arm-none-eabi/10.3.1/../../../../arm-none-eabi/lib/thumb/v7-m/nofp\libg.a(lib_a-fputwc.o)
 .ARM.attributes
                0x00000a88       0x2d d:/stm32environment/arm/bin/../lib/gcc/arm-none-eabi/10.3.1/../../../../arm-none-eabi/lib/thumb/v7-m/nofp\libg.a(lib_a-fstatr.o)
 .ARM.attributes
                0x00000ab5       0x2d d:/stm32environment/arm/bin/../lib/gcc/arm-none-eabi/10.3.1/../../../../arm-none-eabi/lib/thumb/v7-m/nofp\libg.a(lib_a-fvwrite.o)
 .ARM.attributes
                0x00000ae2       0x2d d:/stm32environment/arm/bin/../lib/gcc/arm-none-eabi/10.3.1/../../../../arm-none-eabi/lib/thumb/v7-m/nofp\libg.a(lib_a-isattyr.o)
 .ARM.attributes
                0x00000b0f       0x2d d:/stm32environment/arm/bin/../lib/gcc/arm-none-eabi/10.3.1/../../../../arm-none-eabi/lib/thumb/v7-m/nofp\libg.a(lib_a-locale.o)
 .ARM.attributes
                0x00000b3c       0x2d d:/stm32environment/arm/bin/../lib/gcc/arm-none-eabi/10.3.1/../../../../arm-none-eabi/lib/thumb/v7-m/nofp\libg.a(lib_a-lseekr.o)
 .ARM.attributes
                0x00000b69       0x2d d:/stm32environment/arm/bin/../lib/gcc/arm-none-eabi/10.3.1/../../../../arm-none-eabi/lib/thumb/v7-m/nofp\libg.a(lib_a-mbtowc_r.o)
 .ARM.attributes
                0x00000b96       0x2d d:/stm32environment/arm/bin/../lib/gcc/arm-none-eabi/10.3.1/../../../../arm-none-eabi/lib/thumb/v7-m/nofp\libg.a(lib_a-memmove.o)
 .ARM.attributes
                0x00000bc3       0x2d d:/stm32environment/arm/bin/../lib/gcc/arm-none-eabi/10.3.1/../../../../arm-none-eabi/lib/thumb/v7-m/nofp\libg.a(lib_a-readr.o)
 .ARM.attributes
                0x00000bf0       0x2d d:/stm32environment/arm/bin/../lib/gcc/arm-none-eabi/10.3.1/../../../../arm-none-eabi/lib/thumb/v7-m/nofp\libg.a(lib_a-reallocr.o)
 .ARM.attributes
                0x00000c1d       0x2d d:/stm32environment/arm/bin/../lib/gcc/arm-none-eabi/10.3.1/../../../../arm-none-eabi/lib/thumb/v7-m/nofp\libg.a(lib_a-reent.o)
 .ARM.attributes
                0x00000c4a       0x2d d:/stm32environment/arm/bin/../lib/gcc/arm-none-eabi/10.3.1/../../../../arm-none-eabi/lib/thumb/v7-m/nofp\libg.a(lib_a-wcrtomb.o)
 .ARM.attributes
                0x00000c77       0x2d d:/stm32environment/arm/bin/../lib/gcc/arm-none-eabi/10.3.1/../../../../arm-none-eabi/lib/thumb/v7-m/nofp\libg.a(lib_a-wctomb_r.o)
 .ARM.attributes
                0x00000ca4       0x2d d:/stm32environment/arm/bin/../lib/gcc/arm-none-eabi/10.3.1/../../../../arm-none-eabi/lib/thumb/v7-m/nofp\libg.a(lib_a-abort.o)
 .ARM.attributes
                0x00000cd1       0x2d d:/stm32environment/arm/bin/../lib/gcc/arm-none-eabi/10.3.1/../../../../arm-none-eabi/lib/thumb/v7-m/nofp\libg.a(lib_a-ctype_.o)
 .ARM.attributes
                0x00000cfe       0x2d d:/stm32environment/arm/bin/../lib/gcc/arm-none-eabi/10.3.1/../../../../arm-none-eabi/lib/thumb/v7-m/nofp\libg.a(lib_a-signal.o)
 .ARM.attributes
                0x00000d2b       0x2d d:/stm32environment/arm/bin/../lib/gcc/arm-none-eabi/10.3.1/../../../../arm-none-eabi/lib/thumb/v7-m/nofp\libg.a(lib_a-signalr.o)
 .ARM.attributes
                0x00000d58       0x1d d:/stm32environment/arm/bin/../lib/gcc/arm-none-eabi/10.3.1/thumb/v7-m/nofp\libgcc.a(_arm_muldivdf3.o)
 .ARM.attributes
                0x00000d75       0x1d d:/stm32environment/arm/bin/../lib/gcc/arm-none-eabi/10.3.1/thumb/v7-m/nofp\libgcc.a(_arm_cmpdf2.o)
 .ARM.attributes
                0x00000d92       0x1d d:/stm32environment/arm/bin/../lib/gcc/arm-none-eabi/10.3.1/thumb/v7-m/nofp\libgcc.a(_arm_unorddf2.o)
 .ARM.attributes
                0x00000daf       0x1d d:/stm32environment/arm/bin/../lib/gcc/arm-none-eabi/10.3.1/thumb/v7-m/nofp\libgcc.a(_arm_fixdfsi.o)
 .ARM.attributes
                0x00000dcc       0x1d d:/stm32environment/arm/bin/../lib/gcc/arm-none-eabi/10.3.1/thumb/v7-m/nofp\libgcc.a(_aeabi_uldivmod.o)
 .ARM.attributes
                0x00000de9       0x2d d:/stm32environment/arm/bin/../lib/gcc/arm-none-eabi/10.3.1/thumb/v7-m/nofp\libgcc.a(_udivmoddi4.o)
 .ARM.attributes
                0x00000e16       0x1d d:/stm32environment/arm/bin/../lib/gcc/arm-none-eabi/10.3.1/thumb/v7-m/nofp\libgcc.a(_dvmd_tls.o)
 .ARM.attributes
                0x00000e33       0x1d d:/stm32environment/arm/bin/../lib/gcc/arm-none-eabi/10.3.1/thumb/v7-m/nofp/crtn.o
OUTPUT(mpu6050_try1.elf elf32-littlearm)
LOAD linker stubs
LOAD d:/stm32environment/arm/bin/../lib/gcc/arm-none-eabi/10.3.1/../../../../arm-none-eabi/lib/thumb/v7-m/nofp\libc.a
LOAD d:/stm32environment/arm/bin/../lib/gcc/arm-none-eabi/10.3.1/../../../../arm-none-eabi/lib/thumb/v7-m/nofp\libm.a
LOAD d:/stm32environment/arm/bin/../lib/gcc/arm-none-eabi/10.3.1/thumb/v7-m/nofp\libgcc.a

.debug_info     0x00000000     0xd95d
 .debug_info    0x00000000      0x199 CMakeFiles/mpu6050_try1.elf.dir/Core/Src/gpio.c.obj
 .debug_info    0x00000199      0x8a4 CMakeFiles/mpu6050_try1.elf.dir/Core/Src/i2c.c.obj
 .debug_info    0x00000a3d      0xaa6 CMakeFiles/mpu6050_try1.elf.dir/Core/Src/main.c.obj
 .debug_info    0x000014e3      0x211 CMakeFiles/mpu6050_try1.elf.dir/Core/Src/stm32f1xx_hal_msp.c.obj
 .debug_info    0x000016f4      0x130 CMakeFiles/mpu6050_try1.elf.dir/Core/Src/stm32f1xx_it.c.obj
 .debug_info    0x00001824      0x7af CMakeFiles/mpu6050_try1.elf.dir/Core/Src/syscalls.c.obj
 .debug_info    0x00001fd3      0x174 CMakeFiles/mpu6050_try1.elf.dir/Core/Src/sysmem.c.obj
 .debug_info    0x00002147      0x248 CMakeFiles/mpu6050_try1.elf.dir/Core/Src/system_stm32f1xx.c.obj
 .debug_info    0x0000238f      0x855 CMakeFiles/mpu6050_try1.elf.dir/Core/Src/usart.c.obj
 .debug_info    0x00002be4       0x22 CMakeFiles/mpu6050_try1.elf.dir/Core/Startup/startup_stm32f103c8tx.s.obj
 .debug_info    0x00002c06      0xab3 CMakeFiles/mpu6050_try1.elf.dir/Core/mpu6050/mpu6050.c.obj
 .debug_info    0x000036b9      0x7a8 CMakeFiles/mpu6050_try1.elf.dir/Drivers/STM32F1xx_HAL_Driver/Src/stm32f1xx_hal.c.obj
 .debug_info    0x00003e61      0xd8a CMakeFiles/mpu6050_try1.elf.dir/Drivers/STM32F1xx_HAL_Driver/Src/stm32f1xx_hal_cortex.c.obj
 .debug_info    0x00004beb      0x66f CMakeFiles/mpu6050_try1.elf.dir/Drivers/STM32F1xx_HAL_Driver/Src/stm32f1xx_hal_gpio.c.obj
 .debug_info    0x0000525a     0x3ab6 CMakeFiles/mpu6050_try1.elf.dir/Drivers/STM32F1xx_HAL_Driver/Src/stm32f1xx_hal_i2c.c.obj
 .debug_info    0x00008d10      0xa3b CMakeFiles/mpu6050_try1.elf.dir/Drivers/STM32F1xx_HAL_Driver/Src/stm32f1xx_hal_rcc.c.obj
 .debug_info    0x0000974b     0x4212 CMakeFiles/mpu6050_try1.elf.dir/Drivers/STM32F1xx_HAL_Driver/Src/stm32f1xx_hal_uart.c.obj

.debug_abbrev   0x00000000     0x1c87
 .debug_abbrev  0x00000000       0xbf CMakeFiles/mpu6050_try1.elf.dir/Core/Src/gpio.c.obj
 .debug_abbrev  0x000000bf      0x1c1 CMakeFiles/mpu6050_try1.elf.dir/Core/Src/i2c.c.obj
 .debug_abbrev  0x00000280      0x211 CMakeFiles/mpu6050_try1.elf.dir/Core/Src/main.c.obj
 .debug_abbrev  0x00000491       0xe5 CMakeFiles/mpu6050_try1.elf.dir/Core/Src/stm32f1xx_hal_msp.c.obj
 .debug_abbrev  0x00000576       0x7e CMakeFiles/mpu6050_try1.elf.dir/Core/Src/stm32f1xx_it.c.obj
 .debug_abbrev  0x000005f4      0x1a3 CMakeFiles/mpu6050_try1.elf.dir/Core/Src/syscalls.c.obj
 .debug_abbrev  0x00000797       0xe7 CMakeFiles/mpu6050_try1.elf.dir/Core/Src/sysmem.c.obj
 .debug_abbrev  0x0000087e      0x13e CMakeFiles/mpu6050_try1.elf.dir/Core/Src/system_stm32f1xx.c.obj
 .debug_abbrev  0x000009bc      0x1c8 CMakeFiles/mpu6050_try1.elf.dir/Core/Src/usart.c.obj
 .debug_abbrev  0x00000b84       0x12 CMakeFiles/mpu6050_try1.elf.dir/Core/Startup/startup_stm32f103c8tx.s.obj
 .debug_abbrev  0x00000b96      0x1ec CMakeFiles/mpu6050_try1.elf.dir/Core/mpu6050/mpu6050.c.obj
 .debug_abbrev  0x00000d82      0x1f4 CMakeFiles/mpu6050_try1.elf.dir/Drivers/STM32F1xx_HAL_Driver/Src/stm32f1xx_hal.c.obj
 .debug_abbrev  0x00000f76      0x341 CMakeFiles/mpu6050_try1.elf.dir/Drivers/STM32F1xx_HAL_Driver/Src/stm32f1xx_hal_cortex.c.obj
 .debug_abbrev  0x000012b7      0x1e6 CMakeFiles/mpu6050_try1.elf.dir/Drivers/STM32F1xx_HAL_Driver/Src/stm32f1xx_hal_gpio.c.obj
 .debug_abbrev  0x0000149d      0x293 CMakeFiles/mpu6050_try1.elf.dir/Drivers/STM32F1xx_HAL_Driver/Src/stm32f1xx_hal_i2c.c.obj
 .debug_abbrev  0x00001730      0x27a CMakeFiles/mpu6050_try1.elf.dir/Drivers/STM32F1xx_HAL_Driver/Src/stm32f1xx_hal_rcc.c.obj
 .debug_abbrev  0x000019aa      0x2dd CMakeFiles/mpu6050_try1.elf.dir/Drivers/STM32F1xx_HAL_Driver/Src/stm32f1xx_hal_uart.c.obj

.debug_aranges  0x00000000      0x9a8
 .debug_aranges
                0x00000000       0x20 CMakeFiles/mpu6050_try1.elf.dir/Core/Src/gpio.c.obj
 .debug_aranges
                0x00000020       0x30 CMakeFiles/mpu6050_try1.elf.dir/Core/Src/i2c.c.obj
 .debug_aranges
                0x00000050       0x38 CMakeFiles/mpu6050_try1.elf.dir/Core/Src/main.c.obj
 .debug_aranges
                0x00000088       0x20 CMakeFiles/mpu6050_try1.elf.dir/Core/Src/stm32f1xx_hal_msp.c.obj
 .debug_aranges
                0x000000a8       0x60 CMakeFiles/mpu6050_try1.elf.dir/Core/Src/stm32f1xx_it.c.obj
 .debug_aranges
                0x00000108       0xa8 CMakeFiles/mpu6050_try1.elf.dir/Core/Src/syscalls.c.obj
 .debug_aranges
                0x000001b0       0x20 CMakeFiles/mpu6050_try1.elf.dir/Core/Src/sysmem.c.obj
 .debug_aranges
                0x000001d0       0x28 CMakeFiles/mpu6050_try1.elf.dir/Core/Src/system_stm32f1xx.c.obj
 .debug_aranges
                0x000001f8       0x30 CMakeFiles/mpu6050_try1.elf.dir/Core/Src/usart.c.obj
 .debug_aranges
                0x00000228       0x28 CMakeFiles/mpu6050_try1.elf.dir/Core/Startup/startup_stm32f103c8tx.s.obj
 .debug_aranges
                0x00000250       0x50 CMakeFiles/mpu6050_try1.elf.dir/Core/mpu6050/mpu6050.c.obj
 .debug_aranges
                0x000002a0       0xe0 CMakeFiles/mpu6050_try1.elf.dir/Drivers/STM32F1xx_HAL_Driver/Src/stm32f1xx_hal.c.obj
 .debug_aranges
                0x00000380       0x90 CMakeFiles/mpu6050_try1.elf.dir/Drivers/STM32F1xx_HAL_Driver/Src/stm32f1xx_hal_cortex.c.obj
 .debug_aranges
                0x00000410       0x58 CMakeFiles/mpu6050_try1.elf.dir/Drivers/STM32F1xx_HAL_Driver/Src/stm32f1xx_hal_gpio.c.obj
 .debug_aranges
                0x00000468      0x2a8 CMakeFiles/mpu6050_try1.elf.dir/Drivers/STM32F1xx_HAL_Driver/Src/stm32f1xx_hal_i2c.c.obj
 .debug_aranges
                0x00000710       0x90 CMakeFiles/mpu6050_try1.elf.dir/Drivers/STM32F1xx_HAL_Driver/Src/stm32f1xx_hal_rcc.c.obj
 .debug_aranges
                0x000007a0      0x208 CMakeFiles/mpu6050_try1.elf.dir/Drivers/STM32F1xx_HAL_Driver/Src/stm32f1xx_hal_uart.c.obj

.debug_ranges   0x00000000      0x950
 .debug_ranges  0x00000000       0x10 CMakeFiles/mpu6050_try1.elf.dir/Core/Src/gpio.c.obj
 .debug_ranges  0x00000010       0x20 CMakeFiles/mpu6050_try1.elf.dir/Core/Src/i2c.c.obj
 .debug_ranges  0x00000030       0x28 CMakeFiles/mpu6050_try1.elf.dir/Core/Src/main.c.obj
 .debug_ranges  0x00000058       0x10 CMakeFiles/mpu6050_try1.elf.dir/Core/Src/stm32f1xx_hal_msp.c.obj
 .debug_ranges  0x00000068       0x50 CMakeFiles/mpu6050_try1.elf.dir/Core/Src/stm32f1xx_it.c.obj
 .debug_ranges  0x000000b8       0x98 CMakeFiles/mpu6050_try1.elf.dir/Core/Src/syscalls.c.obj
 .debug_ranges  0x00000150       0x10 CMakeFiles/mpu6050_try1.elf.dir/Core/Src/sysmem.c.obj
 .debug_ranges  0x00000160       0x18 CMakeFiles/mpu6050_try1.elf.dir/Core/Src/system_stm32f1xx.c.obj
 .debug_ranges  0x00000178       0x20 CMakeFiles/mpu6050_try1.elf.dir/Core/Src/usart.c.obj
 .debug_ranges  0x00000198       0x20 CMakeFiles/mpu6050_try1.elf.dir/Core/Startup/startup_stm32f103c8tx.s.obj
 .debug_ranges  0x000001b8       0x40 CMakeFiles/mpu6050_try1.elf.dir/Core/mpu6050/mpu6050.c.obj
 .debug_ranges  0x000001f8       0xd0 CMakeFiles/mpu6050_try1.elf.dir/Drivers/STM32F1xx_HAL_Driver/Src/stm32f1xx_hal.c.obj
 .debug_ranges  0x000002c8       0xe0 CMakeFiles/mpu6050_try1.elf.dir/Drivers/STM32F1xx_HAL_Driver/Src/stm32f1xx_hal_cortex.c.obj
 .debug_ranges  0x000003a8       0x48 CMakeFiles/mpu6050_try1.elf.dir/Drivers/STM32F1xx_HAL_Driver/Src/stm32f1xx_hal_gpio.c.obj
 .debug_ranges  0x000003f0      0x2b0 CMakeFiles/mpu6050_try1.elf.dir/Drivers/STM32F1xx_HAL_Driver/Src/stm32f1xx_hal_i2c.c.obj
 .debug_ranges  0x000006a0       0xa0 CMakeFiles/mpu6050_try1.elf.dir/Drivers/STM32F1xx_HAL_Driver/Src/stm32f1xx_hal_rcc.c.obj
 .debug_ranges  0x00000740      0x210 CMakeFiles/mpu6050_try1.elf.dir/Drivers/STM32F1xx_HAL_Driver/Src/stm32f1xx_hal_uart.c.obj

.debug_line     0x00000000     0xd233
 .debug_line    0x00000000      0x155 CMakeFiles/mpu6050_try1.elf.dir/Core/Src/gpio.c.obj
 .debug_line    0x00000155      0x2f7 CMakeFiles/mpu6050_try1.elf.dir/Core/Src/i2c.c.obj
 .debug_line    0x0000044c      0x466 CMakeFiles/mpu6050_try1.elf.dir/Core/Src/main.c.obj
 .debug_line    0x000008b2      0x163 CMakeFiles/mpu6050_try1.elf.dir/Core/Src/stm32f1xx_hal_msp.c.obj
 .debug_line    0x00000a15      0x1af CMakeFiles/mpu6050_try1.elf.dir/Core/Src/stm32f1xx_it.c.obj
 .debug_line    0x00000bc4      0x3e8 CMakeFiles/mpu6050_try1.elf.dir/Core/Src/syscalls.c.obj
 .debug_line    0x00000fac      0x18d CMakeFiles/mpu6050_try1.elf.dir/Core/Src/sysmem.c.obj
 .debug_line    0x00001139      0x22c CMakeFiles/mpu6050_try1.elf.dir/Core/Src/system_stm32f1xx.c.obj
 .debug_line    0x00001365      0x311 CMakeFiles/mpu6050_try1.elf.dir/Core/Src/usart.c.obj
 .debug_line    0x00001676       0x9f CMakeFiles/mpu6050_try1.elf.dir/Core/Startup/startup_stm32f103c8tx.s.obj
 .debug_line    0x00001715      0x3c5 CMakeFiles/mpu6050_try1.elf.dir/Core/mpu6050/mpu6050.c.obj
 .debug_line    0x00001ada      0x54c CMakeFiles/mpu6050_try1.elf.dir/Drivers/STM32F1xx_HAL_Driver/Src/stm32f1xx_hal.c.obj
 .debug_line    0x00002026      0x63b CMakeFiles/mpu6050_try1.elf.dir/Drivers/STM32F1xx_HAL_Driver/Src/stm32f1xx_hal_cortex.c.obj
 .debug_line    0x00002661      0x5e3 CMakeFiles/mpu6050_try1.elf.dir/Drivers/STM32F1xx_HAL_Driver/Src/stm32f1xx_hal_gpio.c.obj
 .debug_line    0x00002c44     0x560e CMakeFiles/mpu6050_try1.elf.dir/Drivers/STM32F1xx_HAL_Driver/Src/stm32f1xx_hal_i2c.c.obj
 .debug_line    0x00008252      0xc20 CMakeFiles/mpu6050_try1.elf.dir/Drivers/STM32F1xx_HAL_Driver/Src/stm32f1xx_hal_rcc.c.obj
 .debug_line    0x00008e72     0x43c1 CMakeFiles/mpu6050_try1.elf.dir/Drivers/STM32F1xx_HAL_Driver/Src/stm32f1xx_hal_uart.c.obj

.debug_str      0x00000000     0x2e27
 .debug_str     0x00000000      0x1d8 CMakeFiles/mpu6050_try1.elf.dir/Core/Src/gpio.c.obj
                                0x215 (size before relaxing)
 .debug_str     0x000001d8      0x51d CMakeFiles/mpu6050_try1.elf.dir/Core/Src/i2c.c.obj
                                0x764 (size before relaxing)
 .debug_str     0x000006f5      0x482 CMakeFiles/mpu6050_try1.elf.dir/Core/Src/main.c.obj
                                0x8a9 (size before relaxing)
 .debug_str     0x00000b77       0x73 CMakeFiles/mpu6050_try1.elf.dir/Core/Src/stm32f1xx_hal_msp.c.obj
                                0x24f (size before relaxing)
 .debug_str     0x00000bea       0xd0 CMakeFiles/mpu6050_try1.elf.dir/Core/Src/stm32f1xx_it.c.obj
                                0x252 (size before relaxing)
 .debug_str     0x00000cba      0x224 CMakeFiles/mpu6050_try1.elf.dir/Core/Src/syscalls.c.obj
                                0x41c (size before relaxing)
 .debug_str     0x00000ede       0x8e CMakeFiles/mpu6050_try1.elf.dir/Core/Src/sysmem.c.obj
                                0x248 (size before relaxing)
 .debug_str     0x00000f6c       0x97 CMakeFiles/mpu6050_try1.elf.dir/Core/Src/system_stm32f1xx.c.obj
                                0x284 (size before relaxing)
 .debug_str     0x00001003       0x6a CMakeFiles/mpu6050_try1.elf.dir/Core/Src/usart.c.obj
                                0x6f0 (size before relaxing)
 .debug_str     0x0000106d       0x4f CMakeFiles/mpu6050_try1.elf.dir/Core/Startup/startup_stm32f103c8tx.s.obj
                                 0x7d (size before relaxing)
 .debug_str     0x000010bc      0x11c CMakeFiles/mpu6050_try1.elf.dir/Core/mpu6050/mpu6050.c.obj
                                0x81a (size before relaxing)
 .debug_str     0x000011d8      0x602 CMakeFiles/mpu6050_try1.elf.dir/Drivers/STM32F1xx_HAL_Driver/Src/stm32f1xx_hal.c.obj
                                0x854 (size before relaxing)
 .debug_str     0x000017da      0x3de CMakeFiles/mpu6050_try1.elf.dir/Drivers/STM32F1xx_HAL_Driver/Src/stm32f1xx_hal_cortex.c.obj
                                0x903 (size before relaxing)
 .debug_str     0x00001bb8      0x161 CMakeFiles/mpu6050_try1.elf.dir/Drivers/STM32F1xx_HAL_Driver/Src/stm32f1xx_hal_gpio.c.obj
                                0x430 (size before relaxing)
 .debug_str     0x00001d19      0x8e7 CMakeFiles/mpu6050_try1.elf.dir/Drivers/STM32F1xx_HAL_Driver/Src/stm32f1xx_hal_i2c.c.obj
                                0xff5 (size before relaxing)
 .debug_str     0x00002600      0x1ed CMakeFiles/mpu6050_try1.elf.dir/Drivers/STM32F1xx_HAL_Driver/Src/stm32f1xx_hal_rcc.c.obj
                                0x65b (size before relaxing)
 .debug_str     0x000027ed      0x63a CMakeFiles/mpu6050_try1.elf.dir/Drivers/STM32F1xx_HAL_Driver/Src/stm32f1xx_hal_uart.c.obj
                                0xd24 (size before relaxing)

.comment        0x00000000       0x49
 .comment       0x00000000       0x49 CMakeFiles/mpu6050_try1.elf.dir/Core/Src/gpio.c.obj
                                 0x4a (size before relaxing)
 .comment       0x00000049       0x4a CMakeFiles/mpu6050_try1.elf.dir/Core/Src/i2c.c.obj
 .comment       0x00000049       0x4a CMakeFiles/mpu6050_try1.elf.dir/Core/Src/main.c.obj
 .comment       0x00000049       0x4a CMakeFiles/mpu6050_try1.elf.dir/Core/Src/stm32f1xx_hal_msp.c.obj
 .comment       0x00000049       0x4a CMakeFiles/mpu6050_try1.elf.dir/Core/Src/stm32f1xx_it.c.obj
 .comment       0x00000049       0x4a CMakeFiles/mpu6050_try1.elf.dir/Core/Src/syscalls.c.obj
 .comment       0x00000049       0x4a CMakeFiles/mpu6050_try1.elf.dir/Core/Src/sysmem.c.obj
 .comment       0x00000049       0x4a CMakeFiles/mpu6050_try1.elf.dir/Core/Src/system_stm32f1xx.c.obj
 .comment       0x00000049       0x4a CMakeFiles/mpu6050_try1.elf.dir/Core/Src/usart.c.obj
 .comment       0x00000049       0x4a CMakeFiles/mpu6050_try1.elf.dir/Core/mpu6050/mpu6050.c.obj
 .comment       0x00000049       0x4a CMakeFiles/mpu6050_try1.elf.dir/Drivers/STM32F1xx_HAL_Driver/Src/stm32f1xx_hal.c.obj
 .comment       0x00000049       0x4a CMakeFiles/mpu6050_try1.elf.dir/Drivers/STM32F1xx_HAL_Driver/Src/stm32f1xx_hal_cortex.c.obj
 .comment       0x00000049       0x4a CMakeFiles/mpu6050_try1.elf.dir/Drivers/STM32F1xx_HAL_Driver/Src/stm32f1xx_hal_gpio.c.obj
 .comment       0x00000049       0x4a CMakeFiles/mpu6050_try1.elf.dir/Drivers/STM32F1xx_HAL_Driver/Src/stm32f1xx_hal_i2c.c.obj
 .comment       0x00000049       0x4a CMakeFiles/mpu6050_try1.elf.dir/Drivers/STM32F1xx_HAL_Driver/Src/stm32f1xx_hal_rcc.c.obj
 .comment       0x00000049       0x4a CMakeFiles/mpu6050_try1.elf.dir/Drivers/STM32F1xx_HAL_Driver/Src/stm32f1xx_hal_uart.c.obj

.debug_frame    0x00000000     0x3040
 .debug_frame   0x00000000       0x28 CMakeFiles/mpu6050_try1.elf.dir/Core/Src/gpio.c.obj
 .debug_frame   0x00000028       0x60 CMakeFiles/mpu6050_try1.elf.dir/Core/Src/i2c.c.obj
 .debug_frame   0x00000088       0x74 CMakeFiles/mpu6050_try1.elf.dir/Core/Src/main.c.obj
 .debug_frame   0x000000fc       0x28 CMakeFiles/mpu6050_try1.elf.dir/Core/Src/stm32f1xx_hal_msp.c.obj
 .debug_frame   0x00000124       0xa8 CMakeFiles/mpu6050_try1.elf.dir/Core/Src/stm32f1xx_it.c.obj
 .debug_frame   0x000001cc      0x190 CMakeFiles/mpu6050_try1.elf.dir/Core/Src/syscalls.c.obj
 .debug_frame   0x0000035c       0x28 CMakeFiles/mpu6050_try1.elf.dir/Core/Src/sysmem.c.obj
 .debug_frame   0x00000384       0x30 CMakeFiles/mpu6050_try1.elf.dir/Core/Src/system_stm32f1xx.c.obj
 .debug_frame   0x000003b4       0x60 CMakeFiles/mpu6050_try1.elf.dir/Core/Src/usart.c.obj
 .debug_frame   0x00000414       0xf4 CMakeFiles/mpu6050_try1.elf.dir/Core/mpu6050/mpu6050.c.obj
 .debug_frame   0x00000508      0x1cc CMakeFiles/mpu6050_try1.elf.dir/Drivers/STM32F1xx_HAL_Driver/Src/stm32f1xx_hal.c.obj
 .debug_frame   0x000006d4      0x118 CMakeFiles/mpu6050_try1.elf.dir/Drivers/STM32F1xx_HAL_Driver/Src/stm32f1xx_hal_cortex.c.obj
 .debug_frame   0x000007ec       0xe4 CMakeFiles/mpu6050_try1.elf.dir/Drivers/STM32F1xx_HAL_Driver/Src/stm32f1xx_hal_gpio.c.obj
 .debug_frame   0x000008d0      0x984 CMakeFiles/mpu6050_try1.elf.dir/Drivers/STM32F1xx_HAL_Driver/Src/stm32f1xx_hal_i2c.c.obj
 .debug_frame   0x00001254      0x184 CMakeFiles/mpu6050_try1.elf.dir/Drivers/STM32F1xx_HAL_Driver/Src/stm32f1xx_hal_rcc.c.obj
 .debug_frame   0x000013d8      0x5d8 CMakeFiles/mpu6050_try1.elf.dir/Drivers/STM32F1xx_HAL_Driver/Src/stm32f1xx_hal_uart.c.obj
 .debug_frame   0x000019b0       0xac d:/stm32environment/arm/bin/../lib/gcc/arm-none-eabi/10.3.1/thumb/v7-m/nofp\libgcc.a(_arm_addsubdf3.o)
 .debug_frame   0x00001a5c       0x4c d:/stm32environment/arm/bin/../lib/gcc/arm-none-eabi/10.3.1/thumb/v7-m/nofp\libgcc.a(_arm_addsubsf3.o)
 .debug_frame   0x00001aa8       0x38 d:/stm32environment/arm/bin/../lib/gcc/arm-none-eabi/10.3.1/thumb/v7-m/nofp\libgcc.a(_arm_muldivsf3.o)
 .debug_frame   0x00001ae0       0x20 d:/stm32environment/arm/bin/../lib/gcc/arm-none-eabi/10.3.1/../../../../arm-none-eabi/lib/thumb/v7-m/nofp\libg.a(lib_a-errno.o)
 .debug_frame   0x00001b00       0x2c d:/stm32environment/arm/bin/../lib/gcc/arm-none-eabi/10.3.1/../../../../arm-none-eabi/lib/thumb/v7-m/nofp\libg.a(lib_a-init.o)
 .debug_frame   0x00001b2c       0x2c d:/stm32environment/arm/bin/../lib/gcc/arm-none-eabi/10.3.1/../../../../arm-none-eabi/lib/thumb/v7-m/nofp\libg.a(lib_a-memset.o)
 .debug_frame   0x00001b58       0x74 d:/stm32environment/arm/bin/../lib/gcc/arm-none-eabi/10.3.1/../../../../arm-none-eabi/lib/thumb/v7-m/nofp\libg.a(lib_a-printf.o)
 .debug_frame   0x00001bcc       0x30 d:/stm32environment/arm/bin/../lib/gcc/arm-none-eabi/10.3.1/../../../../arm-none-eabi/lib/thumb/v7-m/nofp\libg.a(lib_a-putchar.o)
 .debug_frame   0x00001bfc       0x94 d:/stm32environment/arm/bin/../lib/gcc/arm-none-eabi/10.3.1/../../../../arm-none-eabi/lib/thumb/v7-m/nofp\libg.a(lib_a-vfprintf.o)
 .debug_frame   0x00001c90       0x2c d:/stm32environment/arm/bin/../lib/gcc/arm-none-eabi/10.3.1/../../../../arm-none-eabi/lib/thumb/v7-m/nofp\libg.a(lib_a-wsetup.o)
 .debug_frame   0x00001cbc       0x5c d:/stm32environment/arm/bin/../lib/gcc/arm-none-eabi/10.3.1/../../../../arm-none-eabi/lib/thumb/v7-m/nofp\libg.a(lib_a-__call_atexit.o)
 .debug_frame   0x00001d18       0x20 d:/stm32environment/arm/bin/../lib/gcc/arm-none-eabi/10.3.1/../../../../arm-none-eabi/lib/thumb/v7-m/nofp\libg.a(lib_a-atexit.o)
 .debug_frame   0x00001d38       0x8c d:/stm32environment/arm/bin/../lib/gcc/arm-none-eabi/10.3.1/../../../../arm-none-eabi/lib/thumb/v7-m/nofp\libg.a(lib_a-dtoa.o)
 .debug_frame   0x00001dc4       0x70 d:/stm32environment/arm/bin/../lib/gcc/arm-none-eabi/10.3.1/../../../../arm-none-eabi/lib/thumb/v7-m/nofp\libg.a(lib_a-fflush.o)
 .debug_frame   0x00001e34      0x154 d:/stm32environment/arm/bin/../lib/gcc/arm-none-eabi/10.3.1/../../../../arm-none-eabi/lib/thumb/v7-m/nofp\libg.a(lib_a-findfp.o)
 .debug_frame   0x00001f88       0x34 d:/stm32environment/arm/bin/../lib/gcc/arm-none-eabi/10.3.1/../../../../arm-none-eabi/lib/thumb/v7-m/nofp\libg.a(lib_a-fini.o)
 .debug_frame   0x00001fbc       0x8c d:/stm32environment/arm/bin/../lib/gcc/arm-none-eabi/10.3.1/../../../../arm-none-eabi/lib/thumb/v7-m/nofp\libg.a(lib_a-freer.o)
 .debug_frame   0x00002048       0x54 d:/stm32environment/arm/bin/../lib/gcc/arm-none-eabi/10.3.1/../../../../arm-none-eabi/lib/thumb/v7-m/nofp\libg.a(lib_a-fwalk.o)
 .debug_frame   0x0000209c       0x40 d:/stm32environment/arm/bin/../lib/gcc/arm-none-eabi/10.3.1/../../../../arm-none-eabi/lib/thumb/v7-m/nofp\libg.a(lib_a-localeconv.o)
 .debug_frame   0x000020dc       0xb0 d:/stm32environment/arm/bin/../lib/gcc/arm-none-eabi/10.3.1/../../../../arm-none-eabi/lib/thumb/v7-m/nofp\libg.a(lib_a-lock.o)
 .debug_frame   0x0000218c       0x70 d:/stm32environment/arm/bin/../lib/gcc/arm-none-eabi/10.3.1/../../../../arm-none-eabi/lib/thumb/v7-m/nofp\libg.a(lib_a-makebuf.o)
 .debug_frame   0x000021fc       0x4c d:/stm32environment/arm/bin/../lib/gcc/arm-none-eabi/10.3.1/../../../../arm-none-eabi/lib/thumb/v7-m/nofp\libg.a(lib_a-mallocr.o)
 .debug_frame   0x00002248       0x28 d:/stm32environment/arm/bin/../lib/gcc/arm-none-eabi/10.3.1/../../../../arm-none-eabi/lib/thumb/v7-m/nofp\libg.a(lib_a-memchr-stub.o)
 .debug_frame   0x00002270       0x30 d:/stm32environment/arm/bin/../lib/gcc/arm-none-eabi/10.3.1/../../../../arm-none-eabi/lib/thumb/v7-m/nofp\libg.a(lib_a-mlock.o)
 .debug_frame   0x000022a0      0x260 d:/stm32environment/arm/bin/../lib/gcc/arm-none-eabi/10.3.1/../../../../arm-none-eabi/lib/thumb/v7-m/nofp\libg.a(lib_a-mprec.o)
 .debug_frame   0x00002500       0x48 d:/stm32environment/arm/bin/../lib/gcc/arm-none-eabi/10.3.1/../../../../arm-none-eabi/lib/thumb/v7-m/nofp\libg.a(lib_a-putc.o)
 .debug_frame   0x00002548       0x30 d:/stm32environment/arm/bin/../lib/gcc/arm-none-eabi/10.3.1/../../../../arm-none-eabi/lib/thumb/v7-m/nofp\libg.a(lib_a-s_frexp.o)
 .debug_frame   0x00002578       0x2c d:/stm32environment/arm/bin/../lib/gcc/arm-none-eabi/10.3.1/../../../../arm-none-eabi/lib/thumb/v7-m/nofp\libg.a(lib_a-sbrkr.o)
 .debug_frame   0x000025a4       0x8c d:/stm32environment/arm/bin/../lib/gcc/arm-none-eabi/10.3.1/../../../../arm-none-eabi/lib/thumb/v7-m/nofp\libg.a(lib_a-stdio.o)